Archive member included to satisfy reference by file (symbol)

d:/_environment/arm-gnu-toolchain/bin/../lib/gcc/arm-none-eabi/12.3.1/thumb/v7e-m/nofp\libc_nano.a(libc_a-exit.o)
                              d:/_environment/arm-gnu-toolchain/bin/../lib/gcc/arm-none-eabi/12.3.1/thumb/v7e-m/nofp/crt0.o (exit)
d:/_environment/arm-gnu-toolchain/bin/../lib/gcc/arm-none-eabi/12.3.1/thumb/v7e-m/nofp\libc_nano.a(libc_a-malloc.o)
                              build/hal_store.o (malloc)
d:/_environment/arm-gnu-toolchain/bin/../lib/gcc/arm-none-eabi/12.3.1/thumb/v7e-m/nofp\libc_nano.a(libc_a-mallocr.o)
                              d:/_environment/arm-gnu-toolchain/bin/../lib/gcc/arm-none-eabi/12.3.1/thumb/v7e-m/nofp\libc_nano.a(libc_a-malloc.o) (_malloc_r)
d:/_environment/arm-gnu-toolchain/bin/../lib/gcc/arm-none-eabi/12.3.1/thumb/v7e-m/nofp\libc_nano.a(libc_a-mlock.o)
                              d:/_environment/arm-gnu-toolchain/bin/../lib/gcc/arm-none-eabi/12.3.1/thumb/v7e-m/nofp\libc_nano.a(libc_a-mallocr.o) (__malloc_lock)
d:/_environment/arm-gnu-toolchain/bin/../lib/gcc/arm-none-eabi/12.3.1/thumb/v7e-m/nofp\libc_nano.a(libc_a-findfp.o)
                              d:/_environment/arm-gnu-toolchain/bin/../lib/gcc/arm-none-eabi/12.3.1/thumb/v7e-m/nofp\libc_nano.a(libc_a-exit.o) (__stdio_exit_handler)
d:/_environment/arm-gnu-toolchain/bin/../lib/gcc/arm-none-eabi/12.3.1/thumb/v7e-m/nofp\libc_nano.a(libc_a-fwalk.o)
                              d:/_environment/arm-gnu-toolchain/bin/../lib/gcc/arm-none-eabi/12.3.1/thumb/v7e-m/nofp\libc_nano.a(libc_a-findfp.o) (_fwalk_sglue)
d:/_environment/arm-gnu-toolchain/bin/../lib/gcc/arm-none-eabi/12.3.1/thumb/v7e-m/nofp\libc_nano.a(libc_a-setvbuf.o)
                              build/retarget.o (setvbuf)
d:/_environment/arm-gnu-toolchain/bin/../lib/gcc/arm-none-eabi/12.3.1/thumb/v7e-m/nofp\libc_nano.a(libc_a-stdio.o)
                              d:/_environment/arm-gnu-toolchain/bin/../lib/gcc/arm-none-eabi/12.3.1/thumb/v7e-m/nofp\libc_nano.a(libc_a-findfp.o) (__sread)
d:/_environment/arm-gnu-toolchain/bin/../lib/gcc/arm-none-eabi/12.3.1/thumb/v7e-m/nofp\libc_nano.a(libc_a-memset.o)
                              d:/_environment/arm-gnu-toolchain/bin/../lib/gcc/arm-none-eabi/12.3.1/thumb/v7e-m/nofp/crt0.o (memset)
d:/_environment/arm-gnu-toolchain/bin/../lib/gcc/arm-none-eabi/12.3.1/thumb/v7e-m/nofp\libc_nano.a(libc_a-closer.o)
                              d:/_environment/arm-gnu-toolchain/bin/../lib/gcc/arm-none-eabi/12.3.1/thumb/v7e-m/nofp\libc_nano.a(libc_a-stdio.o) (_close_r)
d:/_environment/arm-gnu-toolchain/bin/../lib/gcc/arm-none-eabi/12.3.1/thumb/v7e-m/nofp\libc_nano.a(libc_a-reent.o)
                              d:/_environment/arm-gnu-toolchain/bin/../lib/gcc/arm-none-eabi/12.3.1/thumb/v7e-m/nofp\libc_nano.a(libc_a-closer.o) (errno)
d:/_environment/arm-gnu-toolchain/bin/../lib/gcc/arm-none-eabi/12.3.1/thumb/v7e-m/nofp\libc_nano.a(libc_a-impure.o)
                              build/retarget.o (_impure_ptr)
d:/_environment/arm-gnu-toolchain/bin/../lib/gcc/arm-none-eabi/12.3.1/thumb/v7e-m/nofp\libc_nano.a(libc_a-lseekr.o)
                              d:/_environment/arm-gnu-toolchain/bin/../lib/gcc/arm-none-eabi/12.3.1/thumb/v7e-m/nofp\libc_nano.a(libc_a-stdio.o) (_lseek_r)
d:/_environment/arm-gnu-toolchain/bin/../lib/gcc/arm-none-eabi/12.3.1/thumb/v7e-m/nofp\libc_nano.a(libc_a-readr.o)
                              d:/_environment/arm-gnu-toolchain/bin/../lib/gcc/arm-none-eabi/12.3.1/thumb/v7e-m/nofp\libc_nano.a(libc_a-stdio.o) (_read_r)
d:/_environment/arm-gnu-toolchain/bin/../lib/gcc/arm-none-eabi/12.3.1/thumb/v7e-m/nofp\libc_nano.a(libc_a-sbrkr.o)
                              d:/_environment/arm-gnu-toolchain/bin/../lib/gcc/arm-none-eabi/12.3.1/thumb/v7e-m/nofp\libc_nano.a(libc_a-mallocr.o) (_sbrk_r)
d:/_environment/arm-gnu-toolchain/bin/../lib/gcc/arm-none-eabi/12.3.1/thumb/v7e-m/nofp\libc_nano.a(libc_a-writer.o)
                              d:/_environment/arm-gnu-toolchain/bin/../lib/gcc/arm-none-eabi/12.3.1/thumb/v7e-m/nofp\libc_nano.a(libc_a-stdio.o) (_write_r)
d:/_environment/arm-gnu-toolchain/bin/../lib/gcc/arm-none-eabi/12.3.1/thumb/v7e-m/nofp\libc_nano.a(libc_a-errno.o)
                              build/retarget.o (__errno)
d:/_environment/arm-gnu-toolchain/bin/../lib/gcc/arm-none-eabi/12.3.1/thumb/v7e-m/nofp\libc_nano.a(libc_a-init.o)
                              d:/_environment/arm-gnu-toolchain/bin/../lib/gcc/arm-none-eabi/12.3.1/thumb/v7e-m/nofp/crt0.o (__libc_init_array)
d:/_environment/arm-gnu-toolchain/bin/../lib/gcc/arm-none-eabi/12.3.1/thumb/v7e-m/nofp\libc_nano.a(libc_a-lock.o)
                              d:/_environment/arm-gnu-toolchain/bin/../lib/gcc/arm-none-eabi/12.3.1/thumb/v7e-m/nofp\libc_nano.a(libc_a-findfp.o) (__retarget_lock_init_recursive)
d:/_environment/arm-gnu-toolchain/bin/../lib/gcc/arm-none-eabi/12.3.1/thumb/v7e-m/nofp\libc_nano.a(libc_a-memcpy-stub.o)
                              build/queue.o (memcpy)
[...]
Memory Configuration

Name             Origin             Length             Attributes
RAM              0x20000000         0x00005000         xrw
FLASH            0x08000000         0x00020000         xr
*default*        0x00000000         0xffffffff

Linker script and memory map

LOAD d:/_environment/arm-gnu-toolchain/bin/../lib/gcc/arm-none-eabi/12.3.1/thumb/v7e-m/nofp/crti.o
LOAD d:/_environment/arm-gnu-toolchain/bin/../lib/gcc/arm-none-eabi/12.3.1/thumb/v7e-m/nofp/crtbegin.o
LOAD d:/_environment/arm-gnu-toolchain/bin/../lib/gcc/arm-none-eabi/12.3.1/thumb/v7e-m/nofp/crt0.o
LOAD build/main.o
LOAD build/gpio.o
LOAD build/freertos.o
LOAD build/adc.o
LOAD build/tim.o
LOAD build/usart.o
LOAD build/stm32f1xx_it.o
LOAD build/stm32f1xx_hal_msp.o
LOAD build/stm32f1xx_hal_gpio_ex.o
LOAD build/stm32f1xx_hal_adc.o
LOAD build/stm32f1xx_hal_adc_ex.o
LOAD build/stm32f1xx_hal.o
LOAD build/stm32f1xx_hal_rcc.o
LOAD build/stm32f1xx_hal_rcc_ex.o
LOAD build/stm32f1xx_hal_gpio.o
LOAD build/stm32f1xx_hal_dma.o
LOAD build/stm32f1xx_hal_cortex.o
LOAD build/stm32f1xx_hal_pwr.o
LOAD build/stm32f1xx_hal_flash.o
LOAD build/stm32f1xx_hal_flash_ex.o
LOAD build/stm32f1xx_hal_exti.o
LOAD build/stm32f1xx_hal_tim.o
LOAD build/stm32f1xx_hal_tim_ex.o
LOAD build/stm32f1xx_hal_uart.o
LOAD build/system_stm32f1xx.o
LOAD build/croutine.o
LOAD build/event_groups.o
LOAD build/list.o
LOAD build/queue.o
LOAD build/stream_buffer.o
LOAD build/tasks.o
LOAD build/timers.o
LOAD build/cmsis_os2.o
LOAD build/heap_4.o
LOAD build/port.o
LOAD build/dma.o
LOAD build/hc595.o
LOAD build/I2Cdev.o
LOAD build/i2c_soft_stm32.o
LOAD build/MPU6050.o
LOAD build/biquad_filter.o
LOAD build/filter_math.o
LOAD build/imu.o
LOAD build/imu_test.o
LOAD build/retarget.o
LOAD build/hal_store.o
LOAD build/lib_list.o
LOAD build/lib_printf.o
LOAD build/lib_stack.o
LOAD build/lib_tick.o
LOAD build/lib_timer.o
LOAD build/math_base.o
LOAD build/math_filter.o
LOAD build/math_pid.o
LOAD build/hal_store_port.o
LOAD build/communication.o
LOAD build/user_main.o
LOAD build/startup_stm32f103xb.o
LOAD d:/_environment/arm-gnu-toolchain/bin/../lib/gcc/arm-none-eabi/12.3.1/thumb/v7e-m/nofp\libc_nano.a
LOAD d:/_environment/arm-gnu-toolchain/bin/../lib/gcc/arm-none-eabi/12.3.1/thumb/v7e-m/nofp\libm.a
LOAD d:/_environment/arm-gnu-toolchain/bin/../lib/gcc/arm-none-eabi/12.3.1/thumb/v7e-m/nofp\libnosys.a
START GROUP
LOAD d:/_environment/arm-gnu-toolchain/bin/../lib/gcc/arm-none-eabi/12.3.1/thumb/v7e-m/nofp\libgcc.a
LOAD d:/_environment/arm-gnu-toolchain/bin/../lib/gcc/arm-none-eabi/12.3.1/thumb/v7e-m/nofp\libc_nano.a
END GROUP
START GROUP
LOAD d:/_environment/arm-gnu-toolchain/bin/../lib/gcc/arm-none-eabi/12.3.1/thumb/v7e-m/nofp\libgcc.a
LOAD d:/_environment/arm-gnu-toolchain/bin/../lib/gcc/arm-none-eabi/12.3.1/thumb/v7e-m/nofp\libc_nano.a
END GROUP
LOAD d:/_environment/arm-gnu-toolchain/bin/../lib/gcc/arm-none-eabi/12.3.1/thumb/v7e-m/nofp/crtend.o
LOAD d:/_environment/arm-gnu-toolchain/bin/../lib/gcc/arm-none-eabi/12.3.1/thumb/v7e-m/nofp/crtn.o
                0x20005000                        _estack = (ORIGIN (RAM) + LENGTH (RAM))
                0x00000200                        _Min_Heap_Size = 0x200
                0x00000400                        _Min_Stack_Size = 0x400

.isr_vector     0x08000000      0x10c
                0x08000000                        . = ALIGN (0x4)
 *(.isr_vector)
 .isr_vector    0x08000000      0x10c build/startup_stm32f103xb.o
                0x08000000                g_pfnVectors
                0x0800010c                        . = ALIGN (0x4)

.text           0x08000110     0x6580
                0x08000110                        . = ALIGN (0x4)
 *(.text)
 .text          0x08000110      0x378 d:/_environment/arm-gnu-toolchain/bin/../lib/gcc/arm-none-eabi/12.3.1/thumb/v7e-m/nofp\libgcc.a(_arm_addsubdf3.o)
                0x08000110                __aeabi_drsub
                0x08000118                __aeabi_dsub
                0x08000118                __subdf3
                0x0800011c                __aeabi_dadd
                0x0800011c                __adddf3
                0x08000394                __floatunsidf
                0x08000394                __aeabi_ui2d
                0x080003b4                __floatsidf
                0x080003b4                __aeabi_i2d
                0x080003d8                __aeabi_f2d
                0x080003d8                __extendsfdf2
                0x0800041c                __floatundidf
                0x0800041c                __aeabi_ul2d
                0x0800042c                __floatdidf
                0x0800042c                __aeabi_l2d
 .text          0x08000488      0x424 d:/_environment/arm-gnu-toolchain/bin/../lib/gcc/arm-none-eabi/12.3.1/thumb/v7e-m/nofp\libgcc.a(_arm_muldivdf3.o)
                0x08000488                __aeabi_dmul
                0x08000488                __muldf3
                0x080006dc                __divdf3
                0x080006dc                __aeabi_ddiv
 .text          0x080008ac      0x110 d:/_environment/arm-gnu-toolchain/bin/../lib/gcc/arm-none-eabi/12.3.1/thumb/v7e-m/nofp\libgcc.a(_arm_cmpdf2.o)
                0x080008ac                __gtdf2
                0x080008ac                __gedf2
                0x080008b4                __ltdf2
                0x080008b4                __ledf2
                0x080008bc                __nedf2
                0x080008bc                __eqdf2
                0x080008bc                __cmpdf2
                0x08000938                __aeabi_cdrcmple
                0x08000948                __aeabi_cdcmpeq
                0x08000948                __aeabi_cdcmple
                0x08000958                __aeabi_dcmpeq
                0x0800096c                __aeabi_dcmplt
                0x08000980                __aeabi_dcmple
                0x08000994                __aeabi_dcmpge
                0x080009a8                __aeabi_dcmpgt
 .text          0x080009bc       0x50 d:/_environment/arm-gnu-toolchain/bin/../lib/gcc/arm-none-eabi/12.3.1/thumb/v7e-m/nofp\libgcc.a(_arm_fixdfsi.o)
                0x080009bc                __aeabi_d2iz
                0x080009bc                __fixdfsi
 .text          0x08000a0c       0x40 d:/_environment/arm-gnu-toolchain/bin/../lib/gcc/arm-none-eabi/12.3.1/thumb/v7e-m/nofp\libgcc.a(_arm_fixunsdfsi.o)
                0x08000a0c                __aeabi_d2uiz
                0x08000a0c                __fixunsdfsi
 *(.text*)
 .text.deregister_tm_clones
                0x08000a4c       0x1c d:/_environment/arm-gnu-toolchain/bin/../lib/gcc/arm-none-eabi/12.3.1/thumb/v7e-m/nofp/crtbegin.o
 .text.register_tm_clones
                0x08000a68       0x24 d:/_environment/arm-gnu-toolchain/bin/../lib/gcc/arm-none-eabi/12.3.1/thumb/v7e-m/nofp/crtbegin.o
 .text.__do_global_dtors_aux
                0x08000a8c       0x28 d:/_environment/arm-gnu-toolchain/bin/../lib/gcc/arm-none-eabi/12.3.1/thumb/v7e-m/nofp/crtbegin.o
 .text.frame_dummy
                0x08000ab4       0x24 d:/_environment/arm-gnu-toolchain/bin/../lib/gcc/arm-none-eabi/12.3.1/thumb/v7e-m/nofp/crtbegin.o
 .text.Error_Handler
                0x08000ad8        0x4 build/main.o
                0x08000ad8                Error_Handler
 .text.SystemClock_Config
                0x08000adc       0x84 build/main.o
                0x08000adc                SystemClock_Config
 .text.main     0x08000b60       0x38 build/main.o
                0x08000b60                main
 .text.MX_GPIO_Init
                0x08000b98       0xcc build/gpio.o
                0x08000b98                MX_GPIO_Init
 .text.StartDefaultTask
                0x08000c64        0xe build/freertos.o
                0x08000c64                StartDefaultTask
 *fill*         0x08000c72        0x2 
 .text.MX_FREERTOS_Init
                0x08000c74       0x20 build/freertos.o
                0x08000c74                MX_FREERTOS_Init
 .text.MX_ADC1_Init
                0x08000c94       0x90 build/adc.o
                0x08000c94                MX_ADC1_Init
 .text.HAL_ADC_MspInit
                0x08000d24       0x9c build/adc.o
                0x08000d24                HAL_ADC_MspInit
 .text.HAL_TIM_PWM_MspInit
                0x08000dc0       0x2c build/tim.o
                0x08000dc0                HAL_TIM_PWM_MspInit
 .text.HAL_TIM_MspPostInit
                0x08000dec       0x50 build/tim.o
                0x08000dec                HAL_TIM_MspPostInit
 .text.MX_TIM1_Init
                0x08000e3c       0xec build/tim.o
                0x08000e3c                MX_TIM1_Init
 .text.MX_USART1_UART_Init
                0x08000f28       0x34 build/usart.o
                0x08000f28                MX_USART1_UART_Init
 .text.HAL_UART_MspInit
                0x08000f5c       0x88 build/usart.o
                0x08000f5c                HAL_UART_MspInit
 .text.NMI_Handler
                0x08000fe4        0x2 build/stm32f1xx_it.o
                0x08000fe4                NMI_Handler
 .text.HardFault_Handler
                0x08000fe6        0x2 build/stm32f1xx_it.o
                0x08000fe6                HardFault_Handler
 .text.MemManage_Handler
                0x08000fe8        0x2 build/stm32f1xx_it.o
                0x08000fe8                MemManage_Handler
 .text.BusFault_Handler
                0x08000fea        0x2 build/stm32f1xx_it.o
                0x08000fea                BusFault_Handler
 .text.UsageFault_Handler
                0x08000fec        0x2 build/stm32f1xx_it.o
                0x08000fec                UsageFault_Handler
 .text.DebugMon_Handler
                0x08000fee        0x2 build/stm32f1xx_it.o
                0x08000fee                DebugMon_Handler
 .text.SysTick_Handler
                0x08000ff0       0x16 build/stm32f1xx_it.o
                0x08000ff0                SysTick_Handler
 *fill*         0x08001006        0x2 
 .text.DMA1_Channel1_IRQHandler
                0x08001008       0x10 build/stm32f1xx_it.o
                0x08001008                DMA1_Channel1_IRQHandler
 .text.HAL_MspInit
                0x08001018       0x54 build/stm32f1xx_hal_msp.o
                0x08001018                HAL_MspInit
 .text.HAL_ADC_ConvCpltCallback
                0x0800106c        0x2 build/stm32f1xx_hal_adc.o
                0x0800106c                HAL_ADC_ConvCpltCallback
 .text.ADC_DMAConvCplt
                0x0800106e       0x52 build/stm32f1xx_hal_adc.o
                0x0800106e                ADC_DMAConvCplt
 .text.HAL_ADC_ConvHalfCpltCallback
                0x080010c0        0x2 build/stm32f1xx_hal_adc.o
                0x080010c0                HAL_ADC_ConvHalfCpltCallback
 .text.ADC_DMAHalfConvCplt
                0x080010c2        0xa build/stm32f1xx_hal_adc.o
                0x080010c2                ADC_DMAHalfConvCplt
 .text.HAL_ADC_ErrorCallback
                0x080010cc        0x2 build/stm32f1xx_hal_adc.o
                0x080010cc                HAL_ADC_ErrorCallback
 .text.ADC_DMAError
                0x080010ce       0x1a build/stm32f1xx_hal_adc.o
                0x080010ce                ADC_DMAError
 .text.HAL_ADC_ConfigChannel
                0x080010e8      0x140 build/stm32f1xx_hal_adc.o
                0x080010e8                HAL_ADC_ConfigChannel
 .text.ADC_Enable
                0x08001228       0x88 build/stm32f1xx_hal_adc.o
                0x08001228                ADC_Enable
 .text.HAL_ADC_Start_DMA
                0x080012b0      0x130 build/stm32f1xx_hal_adc.o
                0x080012b0                HAL_ADC_Start_DMA
 .text.ADC_ConversionStop_Disable
                0x080013e0       0x56 build/stm32f1xx_hal_adc.o
                0x080013e0                ADC_ConversionStop_Disable
 *fill*         0x08001436        0x2 
 .text.HAL_ADC_Init
                0x08001438      0x108 build/stm32f1xx_hal_adc.o
                0x08001438                HAL_ADC_Init
 .text.HAL_InitTick
                0x08001540       0x4c build/stm32f1xx_hal.o
                0x08001540                HAL_InitTick
 .text.HAL_Init
                0x0800158c       0x24 build/stm32f1xx_hal.o
                0x0800158c                HAL_Init
 .text.HAL_IncTick
                0x080015b0       0x18 build/stm32f1xx_hal.o
                0x080015b0                HAL_IncTick
 .text.HAL_GetTick
                0x080015c8        0xc build/stm32f1xx_hal.o
                0x080015c8                HAL_GetTick
 .text.RCC_Delay
                0x080015d4       0x2c build/stm32f1xx_hal_rcc.o
 .text.HAL_RCC_OscConfig
                0x08001600      0x410 build/stm32f1xx_hal_rcc.o
                0x08001600                HAL_RCC_OscConfig
 .text.HAL_RCC_GetSysClockFreq
                0x08001a10       0x54 build/stm32f1xx_hal_rcc.o
                0x08001a10                HAL_RCC_GetSysClockFreq
 .text.HAL_RCC_ClockConfig
                0x08001a64      0x16c build/stm32f1xx_hal_rcc.o
                0x08001a64                HAL_RCC_ClockConfig
 .text.HAL_RCC_GetHCLKFreq
                0x08001bd0        0xc build/stm32f1xx_hal_rcc.o
                0x08001bd0                HAL_RCC_GetHCLKFreq
 .text.HAL_RCC_GetPCLK1Freq
                0x08001bdc       0x20 build/stm32f1xx_hal_rcc.o
                0x08001bdc                HAL_RCC_GetPCLK1Freq
 .text.HAL_RCC_GetPCLK2Freq
                0x08001bfc       0x20 build/stm32f1xx_hal_rcc.o
                0x08001bfc                HAL_RCC_GetPCLK2Freq
 .text.HAL_RCCEx_PeriphCLKConfig
                0x08001c1c      0x118 build/stm32f1xx_hal_rcc_ex.o
                0x08001c1c                HAL_RCCEx_PeriphCLKConfig
 .text.HAL_GPIO_Init
                0x08001d34      0x21c build/stm32f1xx_hal_gpio.o
                0x08001d34                HAL_GPIO_Init
 .text.HAL_GPIO_WritePin
                0x08001f50        0xc build/stm32f1xx_hal_gpio.o
                0x08001f50                HAL_GPIO_WritePin
 .text.DMA_SetConfig
                0x08001f5c       0x2c build/stm32f1xx_hal_dma.o
 .text.HAL_DMA_Init
                0x08001f88       0x6c build/stm32f1xx_hal_dma.o
                0x08001f88                HAL_DMA_Init
 .text.HAL_DMA_Start_IT
                0x08001ff4       0x76 build/stm32f1xx_hal_dma.o
                0x08001ff4                HAL_DMA_Start_IT
 *fill*         0x0800206a        0x2 
 .text.HAL_DMA_IRQHandler
                0x0800206c      0x144 build/stm32f1xx_hal_dma.o
                0x0800206c                HAL_DMA_IRQHandler
 .text.__NVIC_SetPriority
                0x080021b0       0x28 build/stm32f1xx_hal_cortex.o
 .text.NVIC_EncodePriority
                0x080021d8       0x3e build/stm32f1xx_hal_cortex.o
 *fill*         0x08002216        0x2 
 .text.HAL_NVIC_SetPriorityGrouping
                0x08002218       0x24 build/stm32f1xx_hal_cortex.o
                0x08002218                HAL_NVIC_SetPriorityGrouping
 .text.HAL_NVIC_SetPriority
                0x0800223c       0x20 build/stm32f1xx_hal_cortex.o
                0x0800223c                HAL_NVIC_SetPriority
 .text.HAL_NVIC_EnableIRQ
                0x0800225c       0x1c build/stm32f1xx_hal_cortex.o
                0x0800225c                HAL_NVIC_EnableIRQ
 .text.HAL_SYSTICK_Config
                0x08002278       0x28 build/stm32f1xx_hal_cortex.o
                0x08002278                HAL_SYSTICK_Config
 .text.TIM_OC1_SetConfig
                0x080022a0       0x54 build/stm32f1xx_hal_tim.o
 .text.TIM_OC3_SetConfig
                0x080022f4       0x5c build/stm32f1xx_hal_tim.o
 .text.TIM_OC4_SetConfig
                0x08002350       0x48 build/stm32f1xx_hal_tim.o
 .text.TIM_Base_SetConfig
                0x08002398       0x74 build/stm32f1xx_hal_tim.o
                0x08002398                TIM_Base_SetConfig
 .text.HAL_TIM_PWM_Init
                0x0800240c       0x58 build/stm32f1xx_hal_tim.o
                0x0800240c                HAL_TIM_PWM_Init
 .text.TIM_OC2_SetConfig
                0x08002464       0x5c build/stm32f1xx_hal_tim.o
                0x08002464                TIM_OC2_SetConfig
 .text.HAL_TIM_PWM_ConfigChannel
                0x080024c0       0xdc build/stm32f1xx_hal_tim.o
                0x080024c0                HAL_TIM_PWM_ConfigChannel
 .text.HAL_TIMEx_MasterConfigSynchronization
                0x0800259c       0x6c build/stm32f1xx_hal_tim_ex.o
                0x0800259c                HAL_TIMEx_MasterConfigSynchronization
 .text.HAL_TIMEx_ConfigBreakDeadTime
                0x08002608       0x52 build/stm32f1xx_hal_tim_ex.o
                0x08002608                HAL_TIMEx_ConfigBreakDeadTime
 *fill*         0x0800265a        0x2 
 .text.UART_SetConfig
                0x0800265c       0x94 build/stm32f1xx_hal_uart.o
 .text.UART_WaitOnFlagUntilTimeout
                0x080026f0       0x84 build/stm32f1xx_hal_uart.o
 .text.HAL_UART_Init
                0x08002774       0x60 build/stm32f1xx_hal_uart.o
                0x08002774                HAL_UART_Init
 .text.HAL_UART_Transmit
                0x080027d4       0xbe build/stm32f1xx_hal_uart.o
                0x080027d4                HAL_UART_Transmit
 .text.HAL_UART_Receive
                0x08002892       0xca build/stm32f1xx_hal_uart.o
                0x08002892                HAL_UART_Receive
 .text.SystemInit
                0x0800295c        0x2 build/system_stm32f1xx.o
                0x0800295c                SystemInit
 .text.vListInitialise
                0x0800295e       0x16 build/list.o
                0x0800295e                vListInitialise
 .text.vListInitialiseItem
                0x08002974        0x6 build/list.o
                0x08002974                vListInitialiseItem
 .text.vListInsertEnd
                0x0800297a       0x16 build/list.o
                0x0800297a                vListInsertEnd
 .text.vListInsert
                0x08002990       0x32 build/list.o
                0x08002990                vListInsert
 .text.uxListRemove
                0x080029c2       0x26 build/list.o
                0x080029c2                uxListRemove
 .text.prvIsQueueFull
                0x080029e8       0x1e build/queue.o
 .text.prvIsQueueEmpty
                0x08002a06       0x1a build/queue.o
 .text.prvCopyDataToQueue
                0x08002a20       0x76 build/queue.o
 .text.prvCopyDataFromQueue
                0x08002a96       0x24 build/queue.o
 .text.prvUnlockQueue
                0x08002aba       0x6e build/queue.o
 .text.xQueueGenericReset
                0x08002b28       0x84 build/queue.o
                0x08002b28                xQueueGenericReset
 .text.prvInitialiseNewQueue
                0x08002bac       0x22 build/queue.o
 .text.xQueueGenericCreateStatic
                0x08002bce       0x92 build/queue.o
                0x08002bce                xQueueGenericCreateStatic
 .text.xQueueGenericSend
                0x08002c60      0x188 build/queue.o
                0x08002c60                xQueueGenericSend
 .text.xQueueGenericSendFromISR
                0x08002de8       0xcc build/queue.o
                0x08002de8                xQueueGenericSendFromISR
 .text.xQueueReceive
                0x08002eb4      0x15e build/queue.o
                0x08002eb4                xQueueReceive
 *fill*         0x08003012        0x2 
 .text.vQueueAddToRegistry
                0x08003014       0x28 build/queue.o
                0x08003014                vQueueAddToRegistry
 .text.vQueueWaitForMessageRestricted
                0x0800303c       0x52 build/queue.o
                0x0800303c                vQueueWaitForMessageRestricted
 *fill*         0x0800308e        0x2 
 .text.prvResetNextTaskUnblockTime
                0x08003090       0x2c build/tasks.o
 .text.prvInitialiseNewTask
                0x080030bc       0x98 build/tasks.o
 .text.prvInitialiseTaskLists
                0x08003154       0x68 build/tasks.o
 .text.prvAddNewTaskToReadyList
                0x080031bc       0xac build/tasks.o
 .text.prvDeleteTCB
                0x08003268       0x38 build/tasks.o
 .text.prvCheckTasksWaitingTermination
                0x080032a0       0x4c build/tasks.o
 .text.prvIdleTask
                0x080032ec       0x28 build/tasks.o
 .text.prvAddCurrentTaskToDelayedList
                0x08003314       0x7c build/tasks.o
 .text.xTaskCreateStatic
                0x08003390       0x74 build/tasks.o
                0x08003390                xTaskCreateStatic
 .text.xTaskCreate
                0x08003404       0x64 build/tasks.o
                0x08003404                xTaskCreate
 .text.vTaskDelete
                0x08003468       0xb8 build/tasks.o
                0x08003468                vTaskDelete
 .text.vTaskStartScheduler
                0x08003520       0x98 build/tasks.o
                0x08003520                vTaskStartScheduler
 .text.vTaskSuspendAll
                0x080035b8       0x10 build/tasks.o
                0x080035b8                vTaskSuspendAll
 .text.xTaskGetTickCount
                0x080035c8        0xc build/tasks.o
                0x080035c8                xTaskGetTickCount
 .text.xTaskIncrementTick
                0x080035d4      0x118 build/tasks.o
                0x080035d4                xTaskIncrementTick
 .text.xTaskResumeAll
                0x080036ec       0xf8 build/tasks.o
                0x080036ec                xTaskResumeAll
 .text.vTaskDelay
                0x080037e4       0x4c build/tasks.o
                0x080037e4                vTaskDelay
 .text.vTaskSwitchContext
                0x08003830       0x98 build/tasks.o
                0x08003830                vTaskSwitchContext
 .text.vTaskPlaceOnEventList
                0x080038c8       0x30 build/tasks.o
                0x080038c8                vTaskPlaceOnEventList
 .text.vTaskPlaceOnEventListRestricted
                0x080038f8       0x38 build/tasks.o
                0x080038f8                vTaskPlaceOnEventListRestricted
 .text.xTaskRemoveFromEventList
                0x08003930       0x8c build/tasks.o
                0x08003930                xTaskRemoveFromEventList
 .text.vTaskInternalSetTimeOutState
                0x080039bc       0x18 build/tasks.o
                0x080039bc                vTaskInternalSetTimeOutState
 .text.xTaskCheckForTimeOut
                0x080039d4       0x84 build/tasks.o
                0x080039d4                xTaskCheckForTimeOut
 .text.vTaskMissedYield
                0x08003a58        0xc build/tasks.o
                0x08003a58                vTaskMissedYield
 .text.xTaskGetSchedulerState
                0x08003a64       0x20 build/tasks.o
                0x08003a64                xTaskGetSchedulerState
 .text.xTaskPriorityDisinherit
                0x08003a84       0x90 build/tasks.o
                0x08003a84                xTaskPriorityDisinherit
 .text.prvGetNextExpireTime
                0x08003b14       0x20 build/timers.o
 .text.prvInsertTimerInActiveList
                0x08003b34       0x48 build/timers.o
 .text.prvCheckForValidListAndQueue
                0x08003b7c       0x70 build/timers.o
 .text.xTimerCreateTimerTask
                0x08003bec       0x64 build/timers.o
                0x08003bec                xTimerCreateTimerTask
 .text.xTimerGenericCommand
                0x08003c50       0x6c build/timers.o
                0x08003c50                xTimerGenericCommand
 .text.prvSwitchTimerLists
                0x08003cbc       0x78 build/timers.o
 .text.prvSampleTimeNow
                0x08003d34       0x2c build/timers.o
 .text.prvProcessExpiredTimer
                0x08003d60       0x60 build/timers.o
 .text.prvProcessTimerOrBlockTask
                0x08003dc0       0x70 build/timers.o
 .text.prvProcessReceivedCommands
                0x08003e30       0xf8 build/timers.o
 .text.prvTimerTask
                0x08003f28       0x16 build/timers.o
 *fill*         0x08003f3e        0x2 
 .text.osKernelInitialize
                0x08003f40       0x44 build/cmsis_os2.o
                0x08003f40                osKernelInitialize
 .text.osKernelStart
                0x08003f84       0x4c build/cmsis_os2.o
                0x08003f84                osKernelStart
 .text.osThreadNew
                0x08003fd0       0xec build/cmsis_os2.o
                0x08003fd0                osThreadNew
 .text.vApplicationGetIdleTaskMemory
                0x080040bc       0x18 build/cmsis_os2.o
                0x080040bc                vApplicationGetIdleTaskMemory
 .text.vApplicationGetTimerTaskMemory
                0x080040d4       0x18 build/cmsis_os2.o
                0x080040d4                vApplicationGetTimerTaskMemory
 .text.prvHeapInit
                0x080040ec       0x64 build/heap_4.o
 .text.prvInsertBlockIntoFreeList
                0x08004150       0x60 build/heap_4.o
 .text.pvPortMalloc
                0x080041b0       0xf8 build/heap_4.o
                0x080041b0                pvPortMalloc
 .text.vPortFree
                0x080042a8       0x70 build/heap_4.o
                0x080042a8                vPortFree
 .text.prvTaskExitError
                0x08004318       0x40 build/port.o
 .text.prvPortStartFirstTask
                0x08004358       0x20 build/port.o
 .text.pxPortInitialiseStack
                0x08004378       0x24 build/port.o
                0x08004378                pxPortInitialiseStack
 *fill*         0x0800439c        0x4 
 .text.SVC_Handler
                0x080043a0       0x24 build/port.o
                0x080043a0                SVC_Handler
 .text.vPortEnterCritical
                0x080043c4       0x44 build/port.o
                0x080043c4                vPortEnterCritical
 .text.vPortExitCritical
                0x08004408       0x2c build/port.o
                0x08004408                vPortExitCritical
 *fill*         0x08004434        0xc 
 .text.PendSV_Handler
                0x08004440       0x44 build/port.o
                0x08004440                PendSV_Handler
 .text.xPortSysTickHandler
                0x08004484       0x2c build/port.o
                0x08004484                xPortSysTickHandler
 .text.vPortSetupTimerInterrupt
                0x080044b0       0x28 build/port.o
                0x080044b0                vPortSetupTimerInterrupt
 .text.xPortStartScheduler
                0x080044d8       0xc0 build/port.o
                0x080044d8                xPortStartScheduler
 .text.vPortValidateInterruptPriority
                0x08004598       0x5c build/port.o
                0x08004598                vPortValidateInterruptPriority
 .text.MX_DMA_Init
                0x080045f4       0x34 build/dma.o
                0x080045f4                MX_DMA_Init
 .text.RetargetInit
                0x08004628       0x20 build/retarget.o
                0x08004628                RetargetInit
 .text._write   0x08004648       0x24 build/retarget.o
                0x08004648                _write
 .text._close   0x0800466c       0x18 build/retarget.o
                0x0800466c                _close
 .text._lseek   0x08004684       0x10 build/retarget.o
                0x08004684                _lseek
 .text._read    0x08004694       0x30 build/retarget.o
                0x08004694                _read
 .text._fstat   0x080046c4       0x1a build/retarget.o
                0x080046c4                _fstat
 .text.putchar_via_gadget
                0x080046de       0x24 build/lib_printf.o
 .text.append_termination_with_gadget
                0x08004702       0x20 build/lib_printf.o
 .text.discarding_gadget
                0x08004722        0xe build/lib_printf.o
 .text.buffer_gadget
                0x08004730       0x20 build/lib_printf.o
 .text.atou_    0x08004750       0x26 build/lib_printf.o
 .text.out_rev_
                0x08004776       0x5a build/lib_printf.o
 .text.print_integer_finalization
                0x080047d0      0x10e build/lib_printf.o
 .text.print_integer
                0x080048de       0x92 build/lib_printf.o
 .text.get_components
                0x08004970      0x138 build/lib_printf.o
 .text.apply_scaling
                0x08004aa8       0x30 build/lib_printf.o
 .text.unapply_scaling
                0x08004ad8       0x30 build/lib_printf.o
 .text.update_normalization
                0x08004b08       0x80 build/lib_printf.o
 .text.get_normalized_components
                0x08004b88      0x160 build/lib_printf.o
 .text.print_broken_up_decimal
                0x08004ce8      0x3c4 build/lib_printf.o
 .text.print_decimal_number
                0x080050ac       0x3c build/lib_printf.o
 .text.bastardized_floor
                0x080050e8       0x3a build/lib_printf.o
 *fill*         0x08005122        0x6 
 .text.log10_of_positive
                0x08005128       0xdc build/lib_printf.o
 *fill*         0x08005204        0x4 
 .text.pow10_of_int
                0x08005208      0x134 build/lib_printf.o
 .text.print_exponential_number
                0x0800533c      0x240 build/lib_printf.o
 *fill*         0x0800557c        0x4 
 .text.print_floating_point
                0x08005580      0x164 build/lib_printf.o
 .text.parse_flags
                0x080056e4       0x58 build/lib_printf.o
 .text.format_string_loop
                0x0800573c      0x564 build/lib_printf.o
 .text.vsnprintf_impl
                0x08005ca0       0x12 build/lib_printf.o
 .text.lib_vsnprintf
                0x08005cb2       0x20 build/lib_printf.o
                0x08005cb2                lib_vsnprintf
 *fill*         0x08005cd2        0x2 
 .text.uart_print
                0x08005cd4       0x38 build/communication.o
                0x08005cd4                uart_print
 .text.user_main
                0x08005d0c       0x30 build/user_main.o
                0x08005d0c                user_main
 .text.Reset_Handler
                0x08005d3c       0x48 build/startup_stm32f103xb.o
                0x08005d3c                Reset_Handler
 .text.Default_Handler
                0x08005d84        0x2 build/startup_stm32f103xb.o
                0x08005d84                RTC_Alarm_IRQHandler
                0x08005d84                EXTI2_IRQHandler
                0x08005d84                TIM1_CC_IRQHandler
                0x08005d84                PVD_IRQHandler
                0x08005d84                EXTI3_IRQHandler
                0x08005d84                EXTI0_IRQHandler
                0x08005d84                I2C2_EV_IRQHandler
                0x08005d84                ADC1_2_IRQHandler
                0x08005d84                SPI1_IRQHandler
                0x08005d84                TAMPER_IRQHandler
                0x08005d84                DMA1_Channel4_IRQHandler
                0x08005d84                USART3_IRQHandler
                0x08005d84                RTC_IRQHandler
                0x08005d84                DMA1_Channel7_IRQHandler
                0x08005d84                CAN1_RX1_IRQHandler
                0x08005d84                TIM4_IRQHandler
                0x08005d84                I2C1_EV_IRQHandler
                0x08005d84                DMA1_Channel6_IRQHandler
                0x08005d84                TIM3_IRQHandler
                0x08005d84                RCC_IRQHandler
                0x08005d84                TIM1_TRG_COM_IRQHandler
                0x08005d84                Default_Handler
                0x08005d84                EXTI15_10_IRQHandler
                0x08005d84                EXTI9_5_IRQHandler
                0x08005d84                SPI2_IRQHandler
                0x08005d84                DMA1_Channel5_IRQHandler
                0x08005d84                EXTI4_IRQHandler
                0x08005d84                USB_LP_CAN1_RX0_IRQHandler
                0x08005d84                USB_HP_CAN1_TX_IRQHandler
                0x08005d84                DMA1_Channel3_IRQHandler
                0x08005d84                TIM1_UP_IRQHandler
                0x08005d84                WWDG_IRQHandler
                0x08005d84                TIM2_IRQHandler
                0x08005d84                TIM1_BRK_IRQHandler
                0x08005d84                EXTI1_IRQHandler
                0x08005d84                USART2_IRQHandler
                0x08005d84                I2C2_ER_IRQHandler
                0x08005d84                DMA1_Channel2_IRQHandler
                0x08005d84                CAN1_SCE_IRQHandler
                0x08005d84                FLASH_IRQHandler
                0x08005d84                USART1_IRQHandler
                0x08005d84                I2C1_ER_IRQHandler
                0x08005d84                USBWakeUp_IRQHandler
 *fill*         0x08005d86        0x2 
 .text.malloc   0x08005d88       0x10 d:/_environment/arm-gnu-toolchain/bin/../lib/gcc/arm-none-eabi/12.3.1/thumb/v7e-m/nofp\libc_nano.a(libc_a-malloc.o)
                0x08005d88                malloc
 .text.sbrk_aligned
                0x08005d98       0x44 d:/_environment/arm-gnu-toolchain/bin/../lib/gcc/arm-none-eabi/12.3.1/thumb/v7e-m/nofp\libc_nano.a(libc_a-mallocr.o)
 .text._malloc_r
                0x08005ddc      0x100 d:/_environment/arm-gnu-toolchain/bin/../lib/gcc/arm-none-eabi/12.3.1/thumb/v7e-m/nofp\libc_nano.a(libc_a-mallocr.o)
                0x08005ddc                _malloc_r
 .text.__malloc_lock
                0x08005edc        0xc d:/_environment/arm-gnu-toolchain/bin/../lib/gcc/arm-none-eabi/12.3.1/thumb/v7e-m/nofp\libc_nano.a(libc_a-mlock.o)
                0x08005edc                __malloc_lock
 .text.__malloc_unlock
                0x08005ee8        0xc d:/_environment/arm-gnu-toolchain/bin/../lib/gcc/arm-none-eabi/12.3.1/thumb/v7e-m/nofp\libc_nano.a(libc_a-mlock.o)
                0x08005ee8                __malloc_unlock
 .text.std      0x08005ef4       0x6c d:/_environment/arm-gnu-toolchain/bin/../lib/gcc/arm-none-eabi/12.3.1/thumb/v7e-m/nofp\libc_nano.a(libc_a-findfp.o)
 .text.stdio_exit_handler
                0x08005f60       0x18 d:/_environment/arm-gnu-toolchain/bin/../lib/gcc/arm-none-eabi/12.3.1/thumb/v7e-m/nofp\libc_nano.a(libc_a-findfp.o)
 .text.cleanup_stdio
                0x08005f78       0x40 d:/_environment/arm-gnu-toolchain/bin/../lib/gcc/arm-none-eabi/12.3.1/thumb/v7e-m/nofp\libc_nano.a(libc_a-findfp.o)
 .text.global_stdio_init.part.0
                0x08005fb8       0x3c d:/_environment/arm-gnu-toolchain/bin/../lib/gcc/arm-none-eabi/12.3.1/thumb/v7e-m/nofp\libc_nano.a(libc_a-findfp.o)
 .text.__sfp_lock_acquire
                0x08005ff4        0xc d:/_environment/arm-gnu-toolchain/bin/../lib/gcc/arm-none-eabi/12.3.1/thumb/v7e-m/nofp\libc_nano.a(libc_a-findfp.o)
                0x08005ff4                __sfp_lock_acquire
 .text.__sfp_lock_release
                0x08006000        0xc d:/_environment/arm-gnu-toolchain/bin/../lib/gcc/arm-none-eabi/12.3.1/thumb/v7e-m/nofp\libc_nano.a(libc_a-findfp.o)
                0x08006000                __sfp_lock_release
 .text.__sinit  0x0800600c       0x30 d:/_environment/arm-gnu-toolchain/bin/../lib/gcc/arm-none-eabi/12.3.1/thumb/v7e-m/nofp\libc_nano.a(libc_a-findfp.o)
                0x0800600c                __sinit
 .text._fwalk_sglue
                0x0800603c       0x3c d:/_environment/arm-gnu-toolchain/bin/../lib/gcc/arm-none-eabi/12.3.1/thumb/v7e-m/nofp\libc_nano.a(libc_a-fwalk.o)
                0x0800603c                _fwalk_sglue
 .text.setvbuf  0x08006078      0x168 d:/_environment/arm-gnu-toolchain/bin/../lib/gcc/arm-none-eabi/12.3.1/thumb/v7e-m/nofp\libc_nano.a(libc_a-setvbuf.o)
                0x08006078                setvbuf
 .text.__sread  0x080061e0       0x22 d:/_environment/arm-gnu-toolchain/bin/../lib/gcc/arm-none-eabi/12.3.1/thumb/v7e-m/nofp\libc_nano.a(libc_a-stdio.o)
                0x080061e0                __sread
 .text.__swrite
                0x08006202       0x38 d:/_environment/arm-gnu-toolchain/bin/../lib/gcc/arm-none-eabi/12.3.1/thumb/v7e-m/nofp\libc_nano.a(libc_a-stdio.o)
                0x08006202                __swrite
 .text.__sseek  0x0800623a       0x24 d:/_environment/arm-gnu-toolchain/bin/../lib/gcc/arm-none-eabi/12.3.1/thumb/v7e-m/nofp\libc_nano.a(libc_a-stdio.o)
                0x0800623a                __sseek
 .text.__sclose
                0x0800625e        0x8 d:/_environment/arm-gnu-toolchain/bin/../lib/gcc/arm-none-eabi/12.3.1/thumb/v7e-m/nofp\libc_nano.a(libc_a-stdio.o)
                0x0800625e                __sclose
 .text.memset   0x08006266       0x10 d:/_environment/arm-gnu-toolchain/bin/../lib/gcc/arm-none-eabi/12.3.1/thumb/v7e-m/nofp\libc_nano.a(libc_a-memset.o)
                0x08006266                memset
 *fill*         0x08006276        0x2 
 .text._close_r
                0x08006278       0x20 d:/_environment/arm-gnu-toolchain/bin/../lib/gcc/arm-none-eabi/12.3.1/thumb/v7e-m/nofp\libc_nano.a(libc_a-closer.o)
                0x08006278                _close_r
 .text._lseek_r
                0x08006298       0x24 d:/_environment/arm-gnu-toolchain/bin/../lib/gcc/arm-none-eabi/12.3.1/thumb/v7e-m/nofp\libc_nano.a(libc_a-lseekr.o)
                0x08006298                _lseek_r
 .text._read_r  0x080062bc       0x24 d:/_environment/arm-gnu-toolchain/bin/../lib/gcc/arm-none-eabi/12.3.1/thumb/v7e-m/nofp\libc_nano.a(libc_a-readr.o)
                0x080062bc                _read_r
 .text._sbrk_r  0x080062e0       0x20 d:/_environment/arm-gnu-toolchain/bin/../lib/gcc/arm-none-eabi/12.3.1/thumb/v7e-m/nofp\libc_nano.a(libc_a-sbrkr.o)
                0x080062e0                _sbrk_r
 .text._write_r
                0x08006300       0x24 d:/_environment/arm-gnu-toolchain/bin/../lib/gcc/arm-none-eabi/12.3.1/thumb/v7e-m/nofp\libc_nano.a(libc_a-writer.o)
                0x08006300                _write_r
 .text.__errno  0x08006324        0xc d:/_environment/arm-gnu-toolchain/bin/../lib/gcc/arm-none-eabi/12.3.1/thumb/v7e-m/nofp\libc_nano.a(libc_a-errno.o)
                0x08006324                __errno
 .text.__libc_init_array
                0x08006330       0x48 d:/_environment/arm-gnu-toolchain/bin/../lib/gcc/arm-none-eabi/12.3.1/thumb/v7e-m/nofp\libc_nano.a(libc_a-init.o)
                0x08006330                __libc_init_array
 .text.__retarget_lock_init_recursive
                0x08006378        0x2 d:/_environment/arm-gnu-toolchain/bin/../lib/gcc/arm-none-eabi/12.3.1/thumb/v7e-m/nofp\libc_nano.a(libc_a-lock.o)
                0x08006378                __retarget_lock_init_recursive
 .text.__retarget_lock_acquire_recursive
                0x0800637a        0x2 d:/_environment/arm-gnu-toolchain/bin/../lib/gcc/arm-none-eabi/12.3.1/thumb/v7e-m/nofp\libc_nano.a(libc_a-lock.o)
                0x0800637a                __retarget_lock_acquire_recursive
 .text.__retarget_lock_release_recursive
                0x0800637c        0x2 d:/_environment/arm-gnu-toolchain/bin/../lib/gcc/arm-none-eabi/12.3.1/thumb/v7e-m/nofp\libc_nano.a(libc_a-lock.o)
                0x0800637c                __retarget_lock_release_recursive
 .text.memcpy   0x0800637e       0x1c d:/_environment/arm-gnu-toolchain/bin/../lib/gcc/arm-none-eabi/12.3.1/thumb/v7e-m/nofp\libc_nano.a(libc_a-memcpy-stub.o)
                0x0800637e                memcpy
 *fill*         0x0800639a        0x2 
 .text._free_r  0x0800639c       0x94 d:/_environment/arm-gnu-toolchain/bin/../lib/gcc/arm-none-eabi/12.3.1/thumb/v7e-m/nofp\libc_nano.a(libc_a-freer.o)
                0x0800639c                _free_r
 .text.__sflush_r
                0x08006430      0x100 d:/_environment/arm-gnu-toolchain/bin/../lib/gcc/arm-none-eabi/12.3.1/thumb/v7e-m/nofp\libc_nano.a(libc_a-fflush.o)
                0x08006430                __sflush_r
 .text._fflush_r
                0x08006530       0x50 d:/_environment/arm-gnu-toolchain/bin/../lib/gcc/arm-none-eabi/12.3.1/thumb/v7e-m/nofp\libc_nano.a(libc_a-fflush.o)
                0x08006530                _fflush_r
 .text.__swhatbuf_r
                0x08006580       0x4c d:/_environment/arm-gnu-toolchain/bin/../lib/gcc/arm-none-eabi/12.3.1/thumb/v7e-m/nofp\libc_nano.a(libc_a-makebuf.o)
                0x08006580                __swhatbuf_r
 .text._fstat_r
                0x080065cc       0x24 d:/_environment/arm-gnu-toolchain/bin/../lib/gcc/arm-none-eabi/12.3.1/thumb/v7e-m/nofp\libc_nano.a(libc_a-fstatr.o)
                0x080065cc                _fstat_r
 .text._sbrk    0x080065f0       0x1c d:/_environment/arm-gnu-toolchain/bin/../lib/gcc/arm-none-eabi/12.3.1/thumb/v7e-m/nofp\libnosys.a(sbrk.o)
                0x080065f0                _sbrk
 .text.__fixdfdi
                0x0800660c       0x30 d:/_environment/arm-gnu-toolchain/bin/../lib/gcc/arm-none-eabi/12.3.1/thumb/v7e-m/nofp\libgcc.a(_fixdfdi.o)
                0x0800660c                __fixdfdi
                0x0800660c                __aeabi_d2lz
 .text.__fixunsdfdi
                0x0800663c       0x3c d:/_environment/arm-gnu-toolchain/bin/../lib/gcc/arm-none-eabi/12.3.1/thumb/v7e-m/nofp\libgcc.a(_fixunsdfdi.o)
                0x0800663c                __fixunsdfdi
                0x0800663c                __aeabi_d2ulz
 *(.glue_7)
 .glue_7        0x08006678        0x0 linker stubs
 *(.glue_7t)
 .glue_7t       0x08006678        0x0 linker stubs
 *(.eh_frame)
 .eh_frame      0x08006678        0x0 d:/_environment/arm-gnu-toolchain/bin/../lib/gcc/arm-none-eabi/12.3.1/thumb/v7e-m/nofp/crtbegin.o
 *(.init)
 .init          0x08006678        0x4 d:/_environment/arm-gnu-toolchain/bin/../lib/gcc/arm-none-eabi/12.3.1/thumb/v7e-m/nofp/crti.o
                0x08006678                _init
 .init          0x0800667c        0x8 d:/_environment/arm-gnu-toolchain/bin/../lib/gcc/arm-none-eabi/12.3.1/thumb/v7e-m/nofp/crtn.o
 *(.fini)
 .fini          0x08006684        0x4 d:/_environment/arm-gnu-toolchain/bin/../lib/gcc/arm-none-eabi/12.3.1/thumb/v7e-m/nofp/crti.o
                0x08006684                _fini
 .fini          0x08006688        0x8 d:/_environment/arm-gnu-toolchain/bin/../lib/gcc/arm-none-eabi/12.3.1/thumb/v7e-m/nofp/crtn.o
                0x08006690                        . = ALIGN (0x4)
                0x08006690                        _etext = .

.vfp11_veneer   0x08006690        0x0
 .vfp11_veneer  0x08006690        0x0 linker stubs

.v4_bx          0x08006690        0x0
 .v4_bx         0x08006690        0x0 linker stubs

.iplt           0x08006690        0x0
 .iplt          0x08006690        0x0 d:/_environment/arm-gnu-toolchain/bin/../lib/gcc/arm-none-eabi/12.3.1/thumb/v7e-m/nofp/crtbegin.o

.rodata         0x08006690      0x14c
                0x08006690                        . = ALIGN (0x4)
 *(.rodata)
 *(.rodata*)
 .rodata.str1.4
                0x08006690        0xc build/freertos.o
 .rodata.defaultTask_attributes
                0x0800669c       0x24 build/freertos.o
                0x0800669c                defaultTask_attributes
 .rodata.aPredivFactorTable.0
                0x080066c0        0x2 build/stm32f1xx_hal_rcc.o
 *fill*         0x080066c2        0x2 
 .rodata.aPLLMULFactorTable.1
                0x080066c4       0x10 build/stm32f1xx_hal_rcc.o
 .rodata.APBPrescTable
                0x080066d4        0x8 build/system_stm32f1xx.o
                0x080066d4                APBPrescTable
 .rodata.AHBPrescTable
                0x080066dc       0x10 build/system_stm32f1xx.o
                0x080066dc                AHBPrescTable
 .rodata.vTaskStartScheduler.str1.4
                0x080066ec        0x5 build/tasks.o
 *fill*         0x080066f1        0x3 
 .rodata.prvCheckForValidListAndQueue.str1.4
                0x080066f4        0x5 build/timers.o
 *fill*         0x080066f9        0x3 
 .rodata.xTimerCreateTimerTask.str1.4
                0x080066fc        0x8 build/timers.o
 .rodata.print_floating_point.str1.4
                0x08006704       0x15 build/lib_printf.o
 *fill*         0x08006719        0x3 
 .rodata.format_string_loop.str1.4
                0x0800671c        0xe build/lib_printf.o
 *fill*         0x0800672a        0x6 
 .rodata.powers_of_10
                0x08006730       0x90 build/lib_printf.o
 .rodata.user_main.str1.4
                0x080067c0       0x1c build/user_main.o
                0x080067dc                        . = ALIGN (0x4)

.rel.dyn        0x080067dc        0x0
 .rel.iplt      0x080067dc        0x0 d:/_environment/arm-gnu-toolchain/bin/../lib/gcc/arm-none-eabi/12.3.1/thumb/v7e-m/nofp/crtbegin.o

.ARM.extab
 *(.ARM.extab* .gnu.linkonce.armextab.*)

.ARM            0x080067dc        0x0
                0x080067dc                        __exidx_start = .
 *(.ARM.exidx*)
                0x080067dc                        __exidx_end = .

.preinit_array  0x080067dc        0x0
                0x080067dc                        PROVIDE (__preinit_array_start = .)
 *(.preinit_array*)
                0x080067dc                        PROVIDE (__preinit_array_end = .)

.init_array     0x080067dc        0x4
                0x080067dc                        PROVIDE (__init_array_start = .)
 *(SORT_BY_NAME(.init_array.*))
 *(.init_array*)
 .init_array    0x080067dc        0x4 d:/_environment/arm-gnu-toolchain/bin/../lib/gcc/arm-none-eabi/12.3.1/thumb/v7e-m/nofp/crtbegin.o
                0x080067e0                        PROVIDE (__init_array_end = .)

.fini_array     0x080067e0        0x4
                [!provide]                        PROVIDE (__fini_array_start = .)
 *(SORT_BY_NAME(.fini_array.*))
 *(.fini_array*)
 .fini_array    0x080067e0        0x4 d:/_environment/arm-gnu-toolchain/bin/../lib/gcc/arm-none-eabi/12.3.1/thumb/v7e-m/nofp/crtbegin.o
                [!provide]                        PROVIDE (__fini_array_end = .)
                0x080067e4                        _sidata = LOADADDR (.data)

.data           0x20000000       0x6c load address 0x080067e4
                0x20000000                        . = ALIGN (0x4)
                0x20000000                        _sdata = .
 *(.data)
 *(.data*)
 .data.uwTickFreq
                0x20000000        0x1 build/stm32f1xx_hal.o
                0x20000000                uwTickFreq
 *fill*         0x20000001        0x3 
 .data.uwTickPrio
                0x20000004        0x4 build/stm32f1xx_hal.o
                0x20000004                uwTickPrio
 .data.SystemCoreClock
                0x20000008        0x4 build/system_stm32f1xx.o
                0x20000008                SystemCoreClock
 .data.uxCriticalNesting
                0x2000000c        0x4 build/port.o
 .data.__sglue  0x20000010        0xc d:/_environment/arm-gnu-toolchain/bin/../lib/gcc/arm-none-eabi/12.3.1/thumb/v7e-m/nofp\libc_nano.a(libc_a-findfp.o)
                0x20000010                __sglue
 .data._impure_ptr
                0x2000001c        0x4 d:/_environment/arm-gnu-toolchain/bin/../lib/gcc/arm-none-eabi/12.3.1/thumb/v7e-m/nofp\libc_nano.a(libc_a-impure.o)
                0x2000001c                _impure_ptr
 .data._impure_data
                0x20000020       0x4c d:/_environment/arm-gnu-toolchain/bin/../lib/gcc/arm-none-eabi/12.3.1/thumb/v7e-m/nofp\libc_nano.a(libc_a-impure.o)
                0x20000020                _impure_data
                0x2000006c                        . = ALIGN (0x4)
                0x2000006c                        _edata = .

.tm_clone_table
                0x2000006c        0x0 load address 0x08006850
 .tm_clone_table
                0x2000006c        0x0 d:/_environment/arm-gnu-toolchain/bin/../lib/gcc/arm-none-eabi/12.3.1/thumb/v7e-m/nofp/crtbegin.o
 .tm_clone_table
                0x2000006c        0x0 d:/_environment/arm-gnu-toolchain/bin/../lib/gcc/arm-none-eabi/12.3.1/thumb/v7e-m/nofp/crtend.o

.igot.plt       0x2000006c        0x0 load address 0x08006850
 .igot.plt      0x2000006c        0x0 d:/_environment/arm-gnu-toolchain/bin/../lib/gcc/arm-none-eabi/12.3.1/thumb/v7e-m/nofp/crtbegin.o
                0x2000006c                        . = ALIGN (0x4)

.bss            0x2000006c     0x1c0c load address 0x08006850
                0x2000006c                        _sbss = .
                0x2000006c                        __bss_start__ = _sbss
 *(.bss)
 *(.bss*)
 .bss.completed.1
                0x2000006c        0x1 d:/_environment/arm-gnu-toolchain/bin/../lib/gcc/arm-none-eabi/12.3.1/thumb/v7e-m/nofp/crtbegin.o
 *fill*         0x2000006d        0x3 
 .bss.object.0  0x20000070       0x18 d:/_environment/arm-gnu-toolchain/bin/../lib/gcc/arm-none-eabi/12.3.1/thumb/v7e-m/nofp/crtbegin.o
 .bss.defaultTaskHandle
                0x20000088        0x4 build/freertos.o
                0x20000088                defaultTaskHandle
 .bss.hdma_adc1
                0x2000008c       0x44 build/adc.o
                0x2000008c                hdma_adc1
 .bss.hadc1     0x200000d0       0x30 build/adc.o
                0x200000d0                hadc1
 .bss.htim1     0x20000100       0x48 build/tim.o
                0x20000100                htim1
 .bss.huart1    0x20000148       0x48 build/usart.o
                0x20000148                huart1
 .bss.uwTick    0x20000190        0x4 build/stm32f1xx_hal.o
                0x20000190                uwTick
 .bss.xQueueRegistry
                0x20000194       0x40 build/queue.o
                0x20000194                xQueueRegistry
 .bss.uxSchedulerSuspended
                0x200001d4        0x4 build/tasks.o
 .bss.xIdleTaskHandle
                0x200001d8        0x4 build/tasks.o
 .bss.xNextTaskUnblockTime
                0x200001dc        0x4 build/tasks.o
 .bss.uxTaskNumber
                0x200001e0        0x4 build/tasks.o
 .bss.xNumOfOverflows
                0x200001e4        0x4 build/tasks.o
 .bss.xYieldPending
                0x200001e8        0x4 build/tasks.o
 .bss.uxPendedTicks
                0x200001ec        0x4 build/tasks.o
 .bss.xSchedulerRunning
                0x200001f0        0x4 build/tasks.o
 .bss.uxTopReadyPriority
                0x200001f4        0x4 build/tasks.o
 .bss.xTickCount
                0x200001f8        0x4 build/tasks.o
 .bss.uxCurrentNumberOfTasks
                0x200001fc        0x4 build/tasks.o
 .bss.xSuspendedTaskList
                0x20000200       0x14 build/tasks.o
 .bss.uxDeletedTasksWaitingCleanUp
                0x20000214        0x4 build/tasks.o
 .bss.xTasksWaitingTermination
                0x20000218       0x14 build/tasks.o
 .bss.xPendingReadyList
                0x2000022c       0x14 build/tasks.o
 .bss.pxOverflowDelayedTaskList
                0x20000240        0x4 build/tasks.o
 .bss.pxDelayedTaskList
                0x20000244        0x4 build/tasks.o
 .bss.xDelayedTaskList2
                0x20000248       0x14 build/tasks.o
 .bss.xDelayedTaskList1
                0x2000025c       0x14 build/tasks.o
 .bss.pxReadyTasksLists
                0x20000270      0x460 build/tasks.o
 .bss.pxCurrentTCB
                0x200006d0        0x4 build/tasks.o
                0x200006d0                pxCurrentTCB
 .bss.xStaticTimerQueue.0
                0x200006d4       0x50 build/timers.o
 .bss.ucStaticTimerQueueStorage.1
                0x20000724       0xa0 build/timers.o
 .bss.xLastTime.2
                0x200007c4        0x4 build/timers.o
 .bss.xTimerTaskHandle
                0x200007c8        0x4 build/timers.o
 .bss.xTimerQueue
                0x200007cc        0x4 build/timers.o
 .bss.pxOverflowTimerList
                0x200007d0        0x4 build/timers.o
 .bss.pxCurrentTimerList
                0x200007d4        0x4 build/timers.o
 .bss.xActiveTimerList2
                0x200007d8       0x14 build/timers.o
 .bss.xActiveTimerList1
                0x200007ec       0x14 build/timers.o
 .bss.Timer_Stack
                0x20000800      0x400 build/cmsis_os2.o
 .bss.Timer_TCB
                0x20000c00       0x5c build/cmsis_os2.o
 .bss.Idle_Stack
                0x20000c5c      0x200 build/cmsis_os2.o
 .bss.Idle_TCB  0x20000e5c       0x5c build/cmsis_os2.o
 .bss.KernelState
                0x20000eb8        0x4 build/cmsis_os2.o
 .bss.xBlockAllocatedBit
                0x20000ebc        0x4 build/heap_4.o
 .bss.xMinimumEverFreeBytesRemaining
                0x20000ec0        0x4 build/heap_4.o
 .bss.xFreeBytesRemaining
                0x20000ec4        0x4 build/heap_4.o
 .bss.pxEnd     0x20000ec8        0x4 build/heap_4.o
 .bss.xStart    0x20000ecc        0x8 build/heap_4.o
 .bss.ucHeap    0x20000ed4      0xc00 build/heap_4.o
 .bss.ulMaxPRIGROUPValue
                0x20001ad4        0x4 build/port.o
 .bss.ucMaxSysCallPriority
                0x20001ad8        0x1 build/port.o
 *fill*         0x20001ad9        0x3 
 .bss.gHuart    0x20001adc        0x4 build/retarget.o
                0x20001adc                gHuart
 .bss.string_buffer
                0x20001ae0       0x40 build/communication.o
 .bss.adc_val   0x20001b20        0x6 build/user_main.o
                0x20001b20                adc_val
 *fill*         0x20001b26        0x2 
 .bss.__malloc_sbrk_start
                0x20001b28        0x4 d:/_environment/arm-gnu-toolchain/bin/../lib/gcc/arm-none-eabi/12.3.1/thumb/v7e-m/nofp\libc_nano.a(libc_a-mallocr.o)
                0x20001b28                __malloc_sbrk_start
 .bss.__malloc_free_list
                0x20001b2c        0x4 d:/_environment/arm-gnu-toolchain/bin/../lib/gcc/arm-none-eabi/12.3.1/thumb/v7e-m/nofp\libc_nano.a(libc_a-mallocr.o)
                0x20001b2c                __malloc_free_list
 .bss.__sf      0x20001b30      0x138 d:/_environment/arm-gnu-toolchain/bin/../lib/gcc/arm-none-eabi/12.3.1/thumb/v7e-m/nofp\libc_nano.a(libc_a-findfp.o)
                0x20001b30                __sf
 .bss.__stdio_exit_handler
                0x20001c68        0x4 d:/_environment/arm-gnu-toolchain/bin/../lib/gcc/arm-none-eabi/12.3.1/thumb/v7e-m/nofp\libc_nano.a(libc_a-findfp.o)
                0x20001c68                __stdio_exit_handler
 .bss.errno     0x20001c6c        0x4 d:/_environment/arm-gnu-toolchain/bin/../lib/gcc/arm-none-eabi/12.3.1/thumb/v7e-m/nofp\libc_nano.a(libc_a-reent.o)
                0x20001c6c                errno
 .bss.__lock___malloc_recursive_mutex
                0x20001c70        0x1 d:/_environment/arm-gnu-toolchain/bin/../lib/gcc/arm-none-eabi/12.3.1/thumb/v7e-m/nofp\libc_nano.a(libc_a-lock.o)
                0x20001c70                __lock___malloc_recursive_mutex
 .bss.__lock___sfp_recursive_mutex
                0x20001c71        0x1 d:/_environment/arm-gnu-toolchain/bin/../lib/gcc/arm-none-eabi/12.3.1/thumb/v7e-m/nofp\libc_nano.a(libc_a-lock.o)
                0x20001c71                __lock___sfp_recursive_mutex
 *fill*         0x20001c72        0x2 
 .bss.heap_end.0
                0x20001c74        0x4 d:/_environment/arm-gnu-toolchain/bin/../lib/gcc/arm-none-eabi/12.3.1/thumb/v7e-m/nofp\libnosys.a(sbrk.o)
 *(COMMON)
                0x20001c78                        . = ALIGN (0x4)
                0x20001c78                        _ebss = .
                0x20001c78                        __bss_end__ = _ebss

._user_heap_stack
                0x20001c78      0x600 load address 0x08006850
                0x20001c78                        . = ALIGN (0x8)
                0x20001c78                        PROVIDE (end = .)
                [!provide]                        PROVIDE (_end = .)
                0x20001e78                        . = (. + _Min_Heap_Size)
 *fill*         0x20001c78      0x200 
                0x20002278                        . = (. + _Min_Stack_Size)
 *fill*         0x20001e78      0x400 
                0x20002278                        . = ALIGN (0x8)

/DISCARD/
 libc.a(*)
 libm.a(*)
 libgcc.a(*)

.ARM.attributes
                0x00000000       0x2a
 *(.ARM.attributes)
 .ARM.attributes
                0x00000000       0x1e d:/_environment/arm-gnu-toolchain/bin/../lib/gcc/arm-none-eabi/12.3.1/thumb/v7e-m/nofp/crti.o
 .ARM.attributes
                0x0000001e       0x2e d:/_environment/arm-gnu-toolchain/bin/../lib/gcc/arm-none-eabi/12.3.1/thumb/v7e-m/nofp/crtbegin.o
 .ARM.attributes
                0x0000004c       0x2e build/main.o
 .ARM.attributes
                0x0000007a       0x2e build/gpio.o
 .ARM.attributes
                0x000000a8       0x2e build/freertos.o
 .ARM.attributes
                0x000000d6       0x2e build/adc.o
 .ARM.attributes
                0x00000104       0x2e build/tim.o
 .ARM.attributes
                0x00000132       0x2e build/usart.o
 .ARM.attributes
                0x00000160       0x2e build/stm32f1xx_it.o
 .ARM.attributes
                0x0000018e       0x2e build/stm32f1xx_hal_msp.o
 .ARM.attributes
                0x000001bc       0x2e build/stm32f1xx_hal_adc.o
 .ARM.attributes
                0x000001ea       0x2e build/stm32f1xx_hal.o
 .ARM.attributes
                0x00000218       0x2e build/stm32f1xx_hal_rcc.o
 .ARM.attributes
                0x00000246       0x2e build/stm32f1xx_hal_rcc_ex.o
 .ARM.attributes
                0x00000274       0x2e build/stm32f1xx_hal_gpio.o
 .ARM.attributes
                0x000002a2       0x2e build/stm32f1xx_hal_dma.o
 .ARM.attributes
                0x000002d0       0x2e build/stm32f1xx_hal_cortex.o
 .ARM.attributes
                0x000002fe       0x2e build/stm32f1xx_hal_tim.o
 .ARM.attributes
                0x0000032c       0x2e build/stm32f1xx_hal_tim_ex.o
 .ARM.attributes
                0x0000035a       0x2e build/stm32f1xx_hal_uart.o
 .ARM.attributes
                0x00000388       0x2e build/system_stm32f1xx.o
 .ARM.attributes
                0x000003b6       0x2e build/list.o
 .ARM.attributes
                0x000003e4       0x2e build/queue.o
 .ARM.attributes
                0x00000412       0x2e build/tasks.o
 .ARM.attributes
                0x00000440       0x2e build/timers.o
 .ARM.attributes
                0x0000046e       0x2e build/cmsis_os2.o
 .ARM.attributes
                0x0000049c       0x2e build/heap_4.o
 .ARM.attributes
                0x000004ca       0x2e build/port.o
 .ARM.attributes
                0x000004f8       0x2e build/dma.o
 .ARM.attributes
                0x00000526       0x2e build/retarget.o
 .ARM.attributes
                0x00000554       0x2e build/lib_printf.o
 .ARM.attributes
                0x00000582       0x2e build/communication.o
 .ARM.attributes
                0x000005b0       0x2e build/user_main.o
 .ARM.attributes
                0x000005de       0x21 build/startup_stm32f103xb.o
 .ARM.attributes
                0x000005ff       0x2e d:/_environment/arm-gnu-toolchain/bin/../lib/gcc/arm-none-eabi/12.3.1/thumb/v7e-m/nofp\libc_nano.a(libc_a-malloc.o)
 .ARM.attributes
                0x0000062d       0x2e d:/_environment/arm-gnu-toolchain/bin/../lib/gcc/arm-none-eabi/12.3.1/thumb/v7e-m/nofp\libc_nano.a(libc_a-mallocr.o)
 .ARM.attributes
                0x0000065b       0x2e d:/_environment/arm-gnu-toolchain/bin/../lib/gcc/arm-none-eabi/12.3.1/thumb/v7e-m/nofp\libc_nano.a(libc_a-mlock.o)
 .ARM.attributes
                0x00000689       0x2e d:/_environment/arm-gnu-toolchain/bin/../lib/gcc/arm-none-eabi/12.3.1/thumb/v7e-m/nofp\libc_nano.a(libc_a-findfp.o)
 .ARM.attributes
                0x000006b7       0x2e d:/_environment/arm-gnu-toolchain/bin/../lib/gcc/arm-none-eabi/12.3.1/thumb/v7e-m/nofp\libc_nano.a(libc_a-fwalk.o)
 .ARM.attributes
                0x000006e5       0x2e d:/_environment/arm-gnu-toolchain/bin/../lib/gcc/arm-none-eabi/12.3.1/thumb/v7e-m/nofp\libc_nano.a(libc_a-setvbuf.o)
 .ARM.attributes
                0x00000713       0x2e d:/_environment/arm-gnu-toolchain/bin/../lib/gcc/arm-none-eabi/12.3.1/thumb/v7e-m/nofp\libc_nano.a(libc_a-stdio.o)
 .ARM.attributes
                0x00000741       0x2e d:/_environment/arm-gnu-toolchain/bin/../lib/gcc/arm-none-eabi/12.3.1/thumb/v7e-m/nofp\libc_nano.a(libc_a-memset.o)
 .ARM.attributes
                0x0000076f       0x2e d:/_environment/arm-gnu-toolchain/bin/../lib/gcc/arm-none-eabi/12.3.1/thumb/v7e-m/nofp\libc_nano.a(libc_a-closer.o)
 .ARM.attributes
                0x0000079d       0x2e d:/_environment/arm-gnu-toolchain/bin/../lib/gcc/arm-none-eabi/12.3.1/thumb/v7e-m/nofp\libc_nano.a(libc_a-reent.o)
 .ARM.attributes
                0x000007cb       0x2e d:/_environment/arm-gnu-toolchain/bin/../lib/gcc/arm-none-eabi/12.3.1/thumb/v7e-m/nofp\libc_nano.a(libc_a-impure.o)
 .ARM.attributes
                0x000007f9       0x2e d:/_environment/arm-gnu-toolchain/bin/../lib/gcc/arm-none-eabi/12.3.1/thumb/v7e-m/nofp\libc_nano.a(libc_a-lseekr.o)
 .ARM.attributes
                0x00000827       0x2e d:/_environment/arm-gnu-toolchain/bin/../lib/gcc/arm-none-eabi/12.3.1/thumb/v7e-m/nofp\libc_nano.a(libc_a-readr.o)
 .ARM.attributes
                0x00000855       0x2e d:/_environment/arm-gnu-toolchain/bin/../lib/gcc/arm-none-eabi/12.3.1/thumb/v7e-m/nofp\libc_nano.a(libc_a-sbrkr.o)
 .ARM.attributes
                0x00000883       0x2e d:/_environment/arm-gnu-toolchain/bin/../lib/gcc/arm-none-eabi/12.3.1/thumb/v7e-m/nofp\libc_nano.a(libc_a-writer.o)
 .ARM.attributes
                0x000008b1       0x2e d:/_environment/arm-gnu-toolchain/bin/../lib/gcc/arm-none-eabi/12.3.1/thumb/v7e-m/nofp\libc_nano.a(libc_a-errno.o)
 .ARM.attributes
                0x000008df       0x2e d:/_environment/arm-gnu-toolchain/bin/../lib/gcc/arm-none-eabi/12.3.1/thumb/v7e-m/nofp\libc_nano.a(libc_a-init.o)
 .ARM.attributes
                0x0000090d       0x2e d:/_environment/arm-gnu-toolchain/bin/../lib/gcc/arm-none-eabi/12.3.1/thumb/v7e-m/nofp\libc_nano.a(libc_a-lock.o)
 .ARM.attributes
                0x0000093b       0x2e d:/_environment/arm-gnu-toolchain/bin/../lib/gcc/arm-none-eabi/12.3.1/thumb/v7e-m/nofp\libc_nano.a(libc_a-memcpy-stub.o)
 .ARM.attributes
                0x00000969       0x2e d:/_environment/arm-gnu-toolchain/bin/../lib/gcc/arm-none-eabi/12.3.1/thumb/v7e-m/nofp\libc_nano.a(libc_a-freer.o)
 .ARM.attributes
                0x00000997       0x2e d:/_environment/arm-gnu-toolchain/bin/../lib/gcc/arm-none-eabi/12.3.1/thumb/v7e-m/nofp\libc_nano.a(libc_a-fflush.o)
 .ARM.attributes
                0x000009c5       0x2e d:/_environment/arm-gnu-toolchain/bin/../lib/gcc/arm-none-eabi/12.3.1/thumb/v7e-m/nofp\libc_nano.a(libc_a-makebuf.o)
 .ARM.attributes
                0x000009f3       0x2e d:/_environment/arm-gnu-toolchain/bin/../lib/gcc/arm-none-eabi/12.3.1/thumb/v7e-m/nofp\libc_nano.a(libc_a-fstatr.o)
 .ARM.attributes
                0x00000a21       0x2e d:/_environment/arm-gnu-toolchain/bin/../lib/gcc/arm-none-eabi/12.3.1/thumb/v7e-m/nofp\libnosys.a(sbrk.o)
 .ARM.attributes
                0x00000a4f       0x1e d:/_environment/arm-gnu-toolchain/bin/../lib/gcc/arm-none-eabi/12.3.1/thumb/v7e-m/nofp\libgcc.a(_arm_addsubdf3.o)
 .ARM.attributes
                0x00000a6d       0x1e d:/_environment/arm-gnu-toolchain/bin/../lib/gcc/arm-none-eabi/12.3.1/thumb/v7e-m/nofp\libgcc.a(_arm_muldivdf3.o)
 .ARM.attributes
                0x00000a8b       0x1e d:/_environment/arm-gnu-toolchain/bin/../lib/gcc/arm-none-eabi/12.3.1/thumb/v7e-m/nofp\libgcc.a(_arm_cmpdf2.o)
 .ARM.attributes
                0x00000aa9       0x1e d:/_environment/arm-gnu-toolchain/bin/../lib/gcc/arm-none-eabi/12.3.1/thumb/v7e-m/nofp\libgcc.a(_arm_fixdfsi.o)
 .ARM.attributes
                0x00000ac7       0x2e d:/_environment/arm-gnu-toolchain/bin/../lib/gcc/arm-none-eabi/12.3.1/thumb/v7e-m/nofp\libgcc.a(_fixdfdi.o)
 .ARM.attributes
                0x00000af5       0x2e d:/_environment/arm-gnu-toolchain/bin/../lib/gcc/arm-none-eabi/12.3.1/thumb/v7e-m/nofp\libgcc.a(_fixunsdfdi.o)
 .ARM.attributes
                0x00000b23       0x1e d:/_environment/arm-gnu-toolchain/bin/../lib/gcc/arm-none-eabi/12.3.1/thumb/v7e-m/nofp\libgcc.a(_arm_fixunsdfsi.o)
 .ARM.attributes
                0x00000b41       0x2e d:/_environment/arm-gnu-toolchain/bin/../lib/gcc/arm-none-eabi/12.3.1/thumb/v7e-m/nofp/crtend.o
 .ARM.attributes
                0x00000b6f       0x1e d:/_environment/arm-gnu-toolchain/bin/../lib/gcc/arm-none-eabi/12.3.1/thumb/v7e-m/nofp/crtn.o
OUTPUT(build/Maglev_Fw.elf elf32-littlearm)
LOAD linker stubs
LOAD d:/_environment/arm-gnu-toolchain/bin/../lib/gcc/arm-none-eabi/12.3.1/thumb/v7e-m/nofp\libc.a
LOAD d:/_environment/arm-gnu-toolchain/bin/../lib/gcc/arm-none-eabi/12.3.1/thumb/v7e-m/nofp\libm.a
LOAD d:/_environment/arm-gnu-toolchain/bin/../lib/gcc/arm-none-eabi/12.3.1/thumb/v7e-m/nofp\libgcc.a

.debug_info     0x00000000    0x24440
 .debug_info    0x00000000      0xa6e build/main.o
 .debug_info    0x00000a6e      0x3d3 build/gpio.o
 .debug_info    0x00000e41      0x3d5 build/freertos.o
 .debug_info    0x00001216      0xa33 build/adc.o
 .debug_info    0x00001c49      0xd27 build/tim.o
 .debug_info    0x00002970      0x9dd build/usart.o
 .debug_info    0x0000334d      0x43a build/stm32f1xx_it.o
 .debug_info    0x00003787      0x3c9 build/stm32f1xx_hal_msp.o
 .debug_info    0x00003b50     0x108e build/stm32f1xx_hal_adc.o
 .debug_info    0x00004bde      0x880 build/stm32f1xx_hal.o
 .debug_info    0x0000545e      0xb10 build/stm32f1xx_hal_rcc.o
 .debug_info    0x00005f6e      0x47d build/stm32f1xx_hal_rcc_ex.o
 .debug_info    0x000063eb      0x6d7 build/stm32f1xx_hal_gpio.o
 .debug_info    0x00006ac2      0x8bd build/stm32f1xx_hal_dma.o
 .debug_info    0x0000737f      0xe13 build/stm32f1xx_hal_cortex.o
 .debug_info    0x00008192     0x40a9 build/stm32f1xx_hal_tim.o
 .debug_info    0x0000c23b     0x1d2b build/stm32f1xx_hal_tim_ex.o
 .debug_info    0x0000df66     0x43db build/stm32f1xx_hal_uart.o
 .debug_info    0x00012341      0x26e build/system_stm32f1xx.o
 .debug_info    0x000125af      0x309 build/list.o
 .debug_info    0x000128b8     0x2927 build/queue.o
 .debug_info    0x000151df     0x320f build/tasks.o
 .debug_info    0x000183ee     0x1bca build/timers.o
 .debug_info    0x00019fb8     0x5246 build/cmsis_os2.o
 .debug_info    0x0001f1fe      0x493 build/heap_4.o
 .debug_info    0x0001f691      0x563 build/port.o
 .debug_info    0x0001fbf4      0x335 build/dma.o
 .debug_info    0x0001ff29     0x12d5 build/retarget.o
 .debug_info    0x000211fe     0x23f5 build/lib_printf.o
 .debug_info    0x000235f3      0x766 build/communication.o
 .debug_info    0x00023d59      0x6b7 build/user_main.o
 .debug_info    0x00024410       0x30 build/startup_stm32f103xb.o

.debug_abbrev   0x00000000     0x4c02
 .debug_abbrev  0x00000000      0x244 build/main.o
 .debug_abbrev  0x00000244      0x14e build/gpio.o
 .debug_abbrev  0x00000392      0x16e build/freertos.o
 .debug_abbrev  0x00000500      0x1fe build/adc.o
 .debug_abbrev  0x000006fe      0x267 build/tim.o
 .debug_abbrev  0x00000965      0x223 build/usart.o
 .debug_abbrev  0x00000b88      0x193 build/stm32f1xx_it.o
 .debug_abbrev  0x00000d1b      0x136 build/stm32f1xx_hal_msp.o
 .debug_abbrev  0x00000e51      0x282 build/stm32f1xx_hal_adc.o
 .debug_abbrev  0x000010d3      0x232 build/stm32f1xx_hal.o
 .debug_abbrev  0x00001305      0x2d6 build/stm32f1xx_hal_rcc.o
 .debug_abbrev  0x000015db      0x1d4 build/stm32f1xx_hal_rcc_ex.o
 .debug_abbrev  0x000017af      0x222 build/stm32f1xx_hal_gpio.o
 .debug_abbrev  0x000019d1      0x261 build/stm32f1xx_hal_dma.o
 .debug_abbrev  0x00001c32      0x3aa build/stm32f1xx_hal_cortex.o
 .debug_abbrev  0x00001fdc      0x2bd build/stm32f1xx_hal_tim.o
 .debug_abbrev  0x00002299      0x2b7 build/stm32f1xx_hal_tim_ex.o
 .debug_abbrev  0x00002550      0x35f build/stm32f1xx_hal_uart.o
 .debug_abbrev  0x000028af      0x140 build/system_stm32f1xx.o
 .debug_abbrev  0x000029ef      0x124 build/list.o
 .debug_abbrev  0x00002b13      0x454 build/queue.o
 .debug_abbrev  0x00002f67      0x400 build/tasks.o
 .debug_abbrev  0x00003367      0x3cb build/timers.o
 .debug_abbrev  0x00003732      0x4c6 build/cmsis_os2.o
 .debug_abbrev  0x00003bf8      0x267 build/heap_4.o
 .debug_abbrev  0x00003e5f      0x2c2 build/port.o
 .debug_abbrev  0x00004121      0x11d build/dma.o
 .debug_abbrev  0x0000423e      0x297 build/retarget.o
 .debug_abbrev  0x000044d5      0x36f build/lib_printf.o
 .debug_abbrev  0x00004844      0x1de build/communication.o
 .debug_abbrev  0x00004a22      0x1c3 build/user_main.o
 .debug_abbrev  0x00004be5       0x1d build/startup_stm32f103xb.o

.debug_loc      0x00000000    0x1f424
 .debug_loc     0x00000000       0x66 build/main.o
 .debug_loc     0x00000066       0x38 build/gpio.o
 .debug_loc     0x0000009e       0x65 build/freertos.o
 .debug_loc     0x00000103      0x119 build/adc.o
 .debug_loc     0x0000021c       0xf8 build/tim.o
 .debug_loc     0x00000314      0x13d build/usart.o
 .debug_loc     0x00000451       0x40 build/stm32f1xx_it.o
 .debug_loc     0x00000491       0x4d build/stm32f1xx_hal_msp.o
 .debug_loc     0x000004de      0xe64 build/stm32f1xx_hal_adc.o
 .debug_loc     0x00001342      0x1e1 build/stm32f1xx_hal.o
 .debug_loc     0x00001523      0x790 build/stm32f1xx_hal_rcc.o
 .debug_loc     0x00001cb3      0x495 build/stm32f1xx_hal_rcc_ex.o
 .debug_loc     0x00002148      0x53c build/stm32f1xx_hal_gpio.o
 .debug_loc     0x00002684      0x8fb build/stm32f1xx_hal_dma.o
 .debug_loc     0x00002f7f      0x782 build/stm32f1xx_hal_cortex.o
 .debug_loc     0x00003701     0x5cca build/stm32f1xx_hal_tim.o
 .debug_loc     0x000093cb     0x2117 build/stm32f1xx_hal_tim_ex.o
 .debug_loc     0x0000b4e2     0x4ece build/stm32f1xx_hal_uart.o
 .debug_loc     0x000103b0       0xff build/system_stm32f1xx.o
 .debug_loc     0x000104af       0xe5 build/list.o
 .debug_loc     0x00010594     0x1e5d build/queue.o
 .debug_loc     0x000123f1     0x2919 build/tasks.o
 .debug_loc     0x00014d0a     0x134d build/timers.o
 .debug_loc     0x00016057     0x63ed build/cmsis_os2.o
 .debug_loc     0x0001c444      0x3ed build/heap_4.o
 .debug_loc     0x0001c831      0x16c build/port.o
 .debug_loc     0x0001c99d       0x38 build/dma.o
 .debug_loc     0x0001c9d5      0x416 build/retarget.o
 .debug_loc     0x0001cdeb     0x259a build/lib_printf.o
 .debug_loc     0x0001f385       0x7f build/communication.o
 .debug_loc     0x0001f404       0x20 build/user_main.o

.debug_aranges  0x00000000     0x1670
 .debug_aranges
                0x00000000       0x30 build/main.o
 .debug_aranges
                0x00000030       0x20 build/gpio.o
 .debug_aranges
                0x00000050       0x28 build/freertos.o
 .debug_aranges
                0x00000078       0x30 build/adc.o
 .debug_aranges
                0x000000a8       0x38 build/tim.o
 .debug_aranges
                0x000000e0       0x30 build/usart.o
 .debug_aranges
                0x00000110       0x58 build/stm32f1xx_it.o
 .debug_aranges
                0x00000168       0x20 build/stm32f1xx_hal_msp.o
 .debug_aranges
                0x00000188       0xf0 build/stm32f1xx_hal_adc.o
 .debug_aranges
                0x00000278       0xe0 build/stm32f1xx_hal.o
 .debug_aranges
                0x00000358       0x90 build/stm32f1xx_hal_rcc.o
 .debug_aranges
                0x000003e8       0x30 build/stm32f1xx_hal_rcc_ex.o
 .debug_aranges
                0x00000418       0x58 build/stm32f1xx_hal_gpio.o
 .debug_aranges
                0x00000470       0x80 build/stm32f1xx_hal_dma.o
 .debug_aranges
                0x000004f0       0xc0 build/stm32f1xx_hal_cortex.o
 .debug_aranges
                0x000005b0      0x3d0 build/stm32f1xx_hal_tim.o
 .debug_aranges
                0x00000980      0x168 build/stm32f1xx_hal_tim_ex.o
 .debug_aranges
                0x00000ae8      0x208 build/stm32f1xx_hal_uart.o
 .debug_aranges
                0x00000cf0       0x28 build/system_stm32f1xx.o
 .debug_aranges
                0x00000d18       0x40 build/list.o
 .debug_aranges
                0x00000d58      0x158 build/queue.o
 .debug_aranges
                0x00000eb0      0x1f8 build/tasks.o
 .debug_aranges
                0x000010a8       0xe0 build/timers.o
 .debug_aranges
                0x00001188      0x228 build/cmsis_os2.o
 .debug_aranges
                0x000013b0       0x50 build/heap_4.o
 .debug_aranges
                0x00001400       0x78 build/port.o
 .debug_aranges
                0x00001478       0x20 build/dma.o
 .debug_aranges
                0x00001498       0x50 build/retarget.o
 .debug_aranges
                0x000014e8      0x120 build/lib_printf.o
 .debug_aranges
                0x00001608       0x20 build/communication.o
 .debug_aranges
                0x00001628       0x20 build/user_main.o
 .debug_aranges
                0x00001648       0x28 build/startup_stm32f103xb.o

.debug_ranges   0x00000000     0x17c8
 .debug_ranges  0x00000000       0x20 build/main.o
 .debug_ranges  0x00000020       0x10 build/gpio.o
 .debug_ranges  0x00000030       0x18 build/freertos.o
 .debug_ranges  0x00000048       0x20 build/adc.o
 .debug_ranges  0x00000068       0x28 build/tim.o
 .debug_ranges  0x00000090       0x20 build/usart.o
 .debug_ranges  0x000000b0       0x48 build/stm32f1xx_it.o
 .debug_ranges  0x000000f8       0x10 build/stm32f1xx_hal_msp.o
 .debug_ranges  0x00000108       0xe0 build/stm32f1xx_hal_adc.o
 .debug_ranges  0x000001e8       0xd0 build/stm32f1xx_hal.o
 .debug_ranges  0x000002b8       0xa0 build/stm32f1xx_hal_rcc.o
 .debug_ranges  0x00000358       0x38 build/stm32f1xx_hal_rcc_ex.o
 .debug_ranges  0x00000390       0x48 build/stm32f1xx_hal_gpio.o
 .debug_ranges  0x000003d8       0x70 build/stm32f1xx_hal_dma.o
 .debug_ranges  0x00000448       0xb0 build/stm32f1xx_hal_cortex.o
 .debug_ranges  0x000004f8      0x3c0 build/stm32f1xx_hal_tim.o
 .debug_ranges  0x000008b8      0x158 build/stm32f1xx_hal_tim_ex.o
 .debug_ranges  0x00000a10      0x210 build/stm32f1xx_hal_uart.o
 .debug_ranges  0x00000c20       0x18 build/system_stm32f1xx.o
 .debug_ranges  0x00000c38       0x30 build/list.o
 .debug_ranges  0x00000c68      0x218 build/queue.o
 .debug_ranges  0x00000e80      0x320 build/tasks.o
 .debug_ranges  0x000011a0       0xd0 build/timers.o
 .debug_ranges  0x00001270      0x218 build/cmsis_os2.o
 .debug_ranges  0x00001488       0x40 build/heap_4.o
 .debug_ranges  0x000014c8       0x68 build/port.o
 .debug_ranges  0x00001530       0x10 build/dma.o
 .debug_ranges  0x00001540       0x40 build/retarget.o
 .debug_ranges  0x00001580      0x208 build/lib_printf.o
 .debug_ranges  0x00001788       0x10 build/communication.o
 .debug_ranges  0x00001798       0x10 build/user_main.o
 .debug_ranges  0x000017a8       0x20 build/startup_stm32f103xb.o

.debug_line     0x00000000    0x1ae96
 .debug_line    0x00000000      0x3b3 build/main.o
 .debug_line    0x000003b3      0x1d5 build/gpio.o
 .debug_line    0x00000588      0x1a7 build/freertos.o
 .debug_line    0x0000072f      0x352 build/adc.o
 .debug_line    0x00000a81      0x3b8 build/tim.o
 .debug_line    0x00000e39      0x2be build/usart.o
 .debug_line    0x000010f7      0x326 build/stm32f1xx_it.o
 .debug_line    0x0000141d      0x17b build/stm32f1xx_hal_msp.o
 .debug_line    0x00001598      0xe95 build/stm32f1xx_hal_adc.o
 .debug_line    0x0000242d      0x4f0 build/stm32f1xx_hal.o
 .debug_line    0x0000291d      0xbd8 build/stm32f1xx_hal_rcc.o
 .debug_line    0x000034f5      0x44d build/stm32f1xx_hal_rcc_ex.o
 .debug_line    0x00003942      0x56d build/stm32f1xx_hal_gpio.o
 .debug_line    0x00003eaf      0xa1c build/stm32f1xx_hal_dma.o
 .debug_line    0x000048cb      0x693 build/stm32f1xx_hal_cortex.o
 .debug_line    0x00004f5e     0x48c9 build/stm32f1xx_hal_tim.o
 .debug_line    0x00009827     0x1c14 build/stm32f1xx_hal_tim_ex.o
 .debug_line    0x0000b43b     0x436e build/stm32f1xx_hal_uart.o
 .debug_line    0x0000f7a9      0x208 build/system_stm32f1xx.o
 .debug_line    0x0000f9b1      0x336 build/list.o
 .debug_line    0x0000fce7     0x1ef2 build/queue.o
 .debug_line    0x00011bd9     0x2a35 build/tasks.o
 .debug_line    0x0001460e      0xd47 build/timers.o
 .debug_line    0x00015355     0x2d2a build/cmsis_os2.o
 .debug_line    0x0001807f      0x60e build/heap_4.o
 .debug_line    0x0001868d      0x5b6 build/port.o
 .debug_line    0x00018c43      0x161 build/dma.o
 .debug_line    0x00018da4      0x3ea build/retarget.o
 .debug_line    0x0001918e     0x17e1 build/lib_printf.o
 .debug_line    0x0001a96f      0x249 build/communication.o
 .debug_line    0x0001abb8      0x26a build/user_main.o
 .debug_line    0x0001ae22       0x74 build/startup_stm32f103xb.o

.debug_str      0x00000000     0x770b
 .debug_str     0x00000000      0x80d build/main.o
                                0x8bb (size before relaxing)
 .debug_str     0x0000080d       0xe3 build/gpio.o
                                0x265 (size before relaxing)
 .debug_str     0x000008f0      0x4fc build/freertos.o
                                0x66e (size before relaxing)
 .debug_str     0x00000dec      0x1e6 build/adc.o
                                0x631 (size before relaxing)
 .debug_str     0x00000fd2      0x4b8 build/tim.o
                                0x94c (size before relaxing)
 .debug_str     0x0000148a       0x7c build/usart.o
                                0x6da (size before relaxing)
 .debug_str     0x00001506       0xf0 build/stm32f1xx_it.o
                                0x43d (size before relaxing)
 .debug_str     0x000015f6      0x31d build/stm32f1xx_hal_msp.o
                                0x4ed (size before relaxing)
 .debug_str     0x00001913      0x358 build/stm32f1xx_hal_adc.o
                                0x8b4 (size before relaxing)
 .debug_str     0x00001c6b      0x2e3 build/stm32f1xx_hal.o
                                0x808 (size before relaxing)
 .debug_str     0x00001f4e      0x1fe build/stm32f1xx_hal_rcc.o
                                0x605 (size before relaxing)
 .debug_str     0x0000214c       0x81 build/stm32f1xx_hal_rcc_ex.o
                                0x3ad (size before relaxing)
 .debug_str     0x000021cd      0x109 build/stm32f1xx_hal_gpio.o
                                0x3da (size before relaxing)
 .debug_str     0x000022d6      0x1e9 build/stm32f1xx_hal_dma.o
                                0x5d7 (size before relaxing)
 .debug_str     0x000024bf      0x3af build/stm32f1xx_hal_cortex.o
                                0x8ad (size before relaxing)
 .debug_str     0x0000286e      0xe7a build/stm32f1xx_hal_tim.o
                               0x164f (size before relaxing)
 .debug_str     0x000036e8      0x439 build/stm32f1xx_hal_tim_ex.o
                                0xe6b (size before relaxing)
 .debug_str     0x00003b21      0x613 build/stm32f1xx_hal_uart.o
                                0xcce (size before relaxing)
 .debug_str     0x00004134       0x4f build/system_stm32f1xx.o
                                0x22e (size before relaxing)
 .debug_str     0x00004183      0x14d build/list.o
                                0x2cf (size before relaxing)
 .debug_str     0x000042d0      0x98c build/queue.o
                                0xc5a (size before relaxing)
 .debug_str     0x00004c5c      0xc32 build/tasks.o
                               0x1249 (size before relaxing)
 .debug_str     0x0000588e      0x5a9 build/timers.o
                                0xbcf (size before relaxing)
 .debug_str     0x00005e37      0x9f7 build/cmsis_os2.o
                               0x192b (size before relaxing)
 .debug_str     0x0000682e      0x1d5 build/heap_4.o
                                0x3c3 (size before relaxing)
 .debug_str     0x00006a03      0x16d build/port.o
                                0x43f (size before relaxing)
 .debug_str     0x00006b70        0xf build/dma.o
                                0x4c4 (size before relaxing)
 .debug_str     0x00006b7f      0x42e build/retarget.o
                                0xa7e (size before relaxing)
 .debug_str     0x00006fad      0x6db build/lib_printf.o
                                0x922 (size before relaxing)
 .debug_str     0x00007688       0x33 build/communication.o
                                0x61f (size before relaxing)
 .debug_str     0x000076bb       0x1e build/user_main.o
                                0x512 (size before relaxing)
 .debug_str     0x000076d9       0x32 build/startup_stm32f103xb.o
                                 0x64 (size before relaxing)

.comment        0x00000000       0x45
 .comment       0x00000000       0x45 build/main.o
                                 0x46 (size before relaxing)
 .comment       0x00000045       0x46 build/gpio.o
 .comment       0x00000045       0x46 build/freertos.o
 .comment       0x00000045       0x46 build/adc.o
 .comment       0x00000045       0x46 build/tim.o
 .comment       0x00000045       0x46 build/usart.o
 .comment       0x00000045       0x46 build/stm32f1xx_it.o
 .comment       0x00000045       0x46 build/stm32f1xx_hal_msp.o
 .comment       0x00000045       0x46 build/stm32f1xx_hal_adc.o
 .comment       0x00000045       0x46 build/stm32f1xx_hal.o
 .comment       0x00000045       0x46 build/stm32f1xx_hal_rcc.o
 .comment       0x00000045       0x46 build/stm32f1xx_hal_rcc_ex.o
 .comment       0x00000045       0x46 build/stm32f1xx_hal_gpio.o
 .comment       0x00000045       0x46 build/stm32f1xx_hal_dma.o
 .comment       0x00000045       0x46 build/stm32f1xx_hal_cortex.o
 .comment       0x00000045       0x46 build/stm32f1xx_hal_tim.o
 .comment       0x00000045       0x46 build/stm32f1xx_hal_tim_ex.o
 .comment       0x00000045       0x46 build/stm32f1xx_hal_uart.o
 .comment       0x00000045       0x46 build/system_stm32f1xx.o
 .comment       0x00000045       0x46 build/list.o
 .comment       0x00000045       0x46 build/queue.o
 .comment       0x00000045       0x46 build/tasks.o
 .comment       0x00000045       0x46 build/timers.o
 .comment       0x00000045       0x46 build/cmsis_os2.o
 .comment       0x00000045       0x46 build/heap_4.o
 .comment       0x00000045       0x46 build/port.o
 .comment       0x00000045       0x46 build/dma.o
 .comment       0x00000045       0x46 build/retarget.o
 .comment       0x00000045       0x46 build/lib_printf.o
 .comment       0x00000045       0x46 build/communication.o
 .comment       0x00000045       0x46 build/user_main.o

.debug_frame    0x00000000     0x4864
 .debug_frame   0x00000000       0x58 build/main.o
 .debug_frame   0x00000058       0x38 build/gpio.o
 .debug_frame   0x00000090       0x40 build/freertos.o
 .debug_frame   0x000000d0       0x68 build/adc.o
 .debug_frame   0x00000138       0x7c build/tim.o
 .debug_frame   0x000001b4       0x60 build/usart.o
 .debug_frame   0x00000214       0xa0 build/stm32f1xx_it.o
 .debug_frame   0x000002b4       0x2c build/stm32f1xx_hal_msp.o
 .debug_frame   0x000002e0      0x2c8 build/stm32f1xx_hal_adc.o
 .debug_frame   0x000005a8      0x1cc build/stm32f1xx_hal.o
 .debug_frame   0x00000774      0x184 build/stm32f1xx_hal_rcc.o
 .debug_frame   0x000008f8       0x5c build/stm32f1xx_hal_rcc_ex.o
 .debug_frame   0x00000954       0xe4 build/stm32f1xx_hal_gpio.o
 .debug_frame   0x00000a38      0x144 build/stm32f1xx_hal_dma.o
 .debug_frame   0x00000b7c      0x19c build/stm32f1xx_hal_cortex.o
 .debug_frame   0x00000d18      0xb14 build/stm32f1xx_hal_tim.o
 .debug_frame   0x0000182c      0x40c build/stm32f1xx_hal_tim_ex.o
 .debug_frame   0x00001c38      0x5d4 build/stm32f1xx_hal_uart.o
 .debug_frame   0x0000220c       0x30 build/system_stm32f1xx.o
 .debug_frame   0x0000223c       0x70 build/list.o
 .debug_frame   0x000022ac      0x458 build/queue.o
 .debug_frame   0x00002704      0x65c build/tasks.o
 .debug_frame   0x00002d60      0x2c4 build/timers.o
 .debug_frame   0x00003024      0x7a8 build/cmsis_os2.o
 .debug_frame   0x000037cc       0xb0 build/heap_4.o
 .debug_frame   0x0000387c       0xf0 build/port.o
 .debug_frame   0x0000396c       0x2c build/dma.o
 .debug_frame   0x00003998       0xbc build/retarget.o
 .debug_frame   0x00003a54      0x4c0 build/lib_printf.o
 .debug_frame   0x00003f14       0x44 build/communication.o
 .debug_frame   0x00003f58       0x28 build/user_main.o
 .debug_frame   0x00003f80       0x30 d:/_environment/arm-gnu-toolchain/bin/../lib/gcc/arm-none-eabi/12.3.1/thumb/v7e-m/nofp\libc_nano.a(libc_a-malloc.o)
 .debug_frame   0x00003fb0       0x50 d:/_environment/arm-gnu-toolchain/bin/../lib/gcc/arm-none-eabi/12.3.1/thumb/v7e-m/nofp\libc_nano.a(libc_a-mallocr.o)
 .debug_frame   0x00004000       0x30 d:/_environment/arm-gnu-toolchain/bin/../lib/gcc/arm-none-eabi/12.3.1/thumb/v7e-m/nofp\libc_nano.a(libc_a-mlock.o)
 .debug_frame   0x00004030      0x144 d:/_environment/arm-gnu-toolchain/bin/../lib/gcc/arm-none-eabi/12.3.1/thumb/v7e-m/nofp\libc_nano.a(libc_a-findfp.o)
 .debug_frame   0x00004174       0x34 d:/_environment/arm-gnu-toolchain/bin/../lib/gcc/arm-none-eabi/12.3.1/thumb/v7e-m/nofp\libc_nano.a(libc_a-fwalk.o)
 .debug_frame   0x000041a8       0x38 d:/_environment/arm-gnu-toolchain/bin/../lib/gcc/arm-none-eabi/12.3.1/thumb/v7e-m/nofp\libc_nano.a(libc_a-setvbuf.o)
 .debug_frame   0x000041e0       0x88 d:/_environment/arm-gnu-toolchain/bin/../lib/gcc/arm-none-eabi/12.3.1/thumb/v7e-m/nofp\libc_nano.a(libc_a-stdio.o)
 .debug_frame   0x00004268       0x20 d:/_environment/arm-gnu-toolchain/bin/../lib/gcc/arm-none-eabi/12.3.1/thumb/v7e-m/nofp\libc_nano.a(libc_a-memset.o)
 .debug_frame   0x00004288       0x2c d:/_environment/arm-gnu-toolchain/bin/../lib/gcc/arm-none-eabi/12.3.1/thumb/v7e-m/nofp\libc_nano.a(libc_a-closer.o)
 .debug_frame   0x000042b4       0x38 d:/_environment/arm-gnu-toolchain/bin/../lib/gcc/arm-none-eabi/12.3.1/thumb/v7e-m/nofp\libc_nano.a(libc_a-reent.o)
 .debug_frame   0x000042ec       0x2c d:/_environment/arm-gnu-toolchain/bin/../lib/gcc/arm-none-eabi/12.3.1/thumb/v7e-m/nofp\libc_nano.a(libc_a-lseekr.o)
 .debug_frame   0x00004318       0x2c d:/_environment/arm-gnu-toolchain/bin/../lib/gcc/arm-none-eabi/12.3.1/thumb/v7e-m/nofp\libc_nano.a(libc_a-readr.o)
 .debug_frame   0x00004344       0x2c d:/_environment/arm-gnu-toolchain/bin/../lib/gcc/arm-none-eabi/12.3.1/thumb/v7e-m/nofp\libc_nano.a(libc_a-sbrkr.o)
 .debug_frame   0x00004370       0x2c d:/_environment/arm-gnu-toolchain/bin/../lib/gcc/arm-none-eabi/12.3.1/thumb/v7e-m/nofp\libc_nano.a(libc_a-writer.o)
 .debug_frame   0x0000439c       0x20 d:/_environment/arm-gnu-toolchain/bin/../lib/gcc/arm-none-eabi/12.3.1/thumb/v7e-m/nofp\libc_nano.a(libc_a-errno.o)
 .debug_frame   0x000043bc       0x2c d:/_environment/arm-gnu-toolchain/bin/../lib/gcc/arm-none-eabi/12.3.1/thumb/v7e-m/nofp\libc_nano.a(libc_a-init.o)
 .debug_frame   0x000043e8       0xb0 d:/_environment/arm-gnu-toolchain/bin/../lib/gcc/arm-none-eabi/12.3.1/thumb/v7e-m/nofp\libc_nano.a(libc_a-lock.o)
 .debug_frame   0x00004498       0x28 d:/_environment/arm-gnu-toolchain/bin/../lib/gcc/arm-none-eabi/12.3.1/thumb/v7e-m/nofp\libc_nano.a(libc_a-memcpy-stub.o)
 .debug_frame   0x000044c0       0x38 d:/_environment/arm-gnu-toolchain/bin/../lib/gcc/arm-none-eabi/12.3.1/thumb/v7e-m/nofp\libc_nano.a(libc_a-freer.o)
 .debug_frame   0x000044f8       0x5c d:/_environment/arm-gnu-toolchain/bin/../lib/gcc/arm-none-eabi/12.3.1/thumb/v7e-m/nofp\libc_nano.a(libc_a-fflush.o)
 .debug_frame   0x00004554       0x58 d:/_environment/arm-gnu-toolchain/bin/../lib/gcc/arm-none-eabi/12.3.1/thumb/v7e-m/nofp\libc_nano.a(libc_a-makebuf.o)
 .debug_frame   0x000045ac       0x2c d:/_environment/arm-gnu-toolchain/bin/../lib/gcc/arm-none-eabi/12.3.1/thumb/v7e-m/nofp\libc_nano.a(libc_a-fstatr.o)
 .debug_frame   0x000045d8       0x20 d:/_environment/arm-gnu-toolchain/bin/../lib/gcc/arm-none-eabi/12.3.1/thumb/v7e-m/nofp\libnosys.a(sbrk.o)
 .debug_frame   0x000045f8       0xac d:/_environment/arm-gnu-toolchain/bin/../lib/gcc/arm-none-eabi/12.3.1/thumb/v7e-m/nofp\libgcc.a(_arm_addsubdf3.o)
 .debug_frame   0x000046a4       0x50 d:/_environment/arm-gnu-toolchain/bin/../lib/gcc/arm-none-eabi/12.3.1/thumb/v7e-m/nofp\libgcc.a(_arm_muldivdf3.o)
 .debug_frame   0x000046f4       0xc4 d:/_environment/arm-gnu-toolchain/bin/../lib/gcc/arm-none-eabi/12.3.1/thumb/v7e-m/nofp\libgcc.a(_arm_cmpdf2.o)
 .debug_frame   0x000047b8       0x24 d:/_environment/arm-gnu-toolchain/bin/../lib/gcc/arm-none-eabi/12.3.1/thumb/v7e-m/nofp\libgcc.a(_arm_fixdfsi.o)
 .debug_frame   0x000047dc       0x38 d:/_environment/arm-gnu-toolchain/bin/../lib/gcc/arm-none-eabi/12.3.1/thumb/v7e-m/nofp\libgcc.a(_fixdfdi.o)
 .debug_frame   0x00004814       0x2c d:/_environment/arm-gnu-toolchain/bin/../lib/gcc/arm-none-eabi/12.3.1/thumb/v7e-m/nofp\libgcc.a(_fixunsdfdi.o)
 .debug_frame   0x00004840       0x24 d:/_environment/arm-gnu-toolchain/bin/../lib/gcc/arm-none-eabi/12.3.1/thumb/v7e-m/nofp\libgcc.a(_arm_fixunsdfsi.o)

.debug_line_str
                0x00000000       0xcb
 .debug_line_str
                0x00000000       0xcb d:/_environment/arm-gnu-toolchain/bin/../lib/gcc/arm-none-eabi/12.3.1/thumb/v7e-m/nofp\libgcc.a(_arm_addsubdf3.o)
 .debug_line_str
                0x000000cb       0xcb d:/_environment/arm-gnu-toolchain/bin/../lib/gcc/arm-none-eabi/12.3.1/thumb/v7e-m/nofp\libgcc.a(_arm_muldivdf3.o)
 .debug_line_str
                0x000000cb       0xcb d:/_environment/arm-gnu-toolchain/bin/../lib/gcc/arm-none-eabi/12.3.1/thumb/v7e-m/nofp\libgcc.a(_arm_cmpdf2.o)
 .debug_line_str
                0x000000cb       0xcb d:/_environment/arm-gnu-toolchain/bin/../lib/gcc/arm-none-eabi/12.3.1/thumb/v7e-m/nofp\libgcc.a(_arm_fixdfsi.o)
 .debug_line_str
                0x000000cb       0xcb d:/_environment/arm-gnu-toolchain/bin/../lib/gcc/arm-none-eabi/12.3.1/thumb/v7e-m/nofp\libgcc.a(_arm_fixunsdfsi.o)

Cross Reference Table

Symbol                                            File
ADC1_2_IRQHandler                                 build/startup_stm32f103xb.o
ADC_ConversionStop_Disable                        build/stm32f1xx_hal_adc.o
                                                  build/stm32f1xx_hal_adc_ex.o
ADC_DMAConvCplt                                   build/stm32f1xx_hal_adc.o
                                                  build/stm32f1xx_hal_adc_ex.o
ADC_DMAError                                      build/stm32f1xx_hal_adc.o
                                                  build/stm32f1xx_hal_adc_ex.o
ADC_DMAHalfConvCplt                               build/stm32f1xx_hal_adc.o
                                                  build/stm32f1xx_hal_adc_ex.o
ADC_Enable                                        build/stm32f1xx_hal_adc.o
                                                  build/stm32f1xx_hal_adc_ex.o
AHBPrescTable                                     build/system_stm32f1xx.o
                                                  build/stm32f1xx_hal_rcc.o
APBPrescTable                                     build/system_stm32f1xx.o
                                                  build/stm32f1xx_hal_rcc.o
BusFault_Handler                                  build/stm32f1xx_it.o
CAN1_RX1_IRQHandler                               build/startup_stm32f103xb.o
CAN1_SCE_IRQHandler                               build/startup_stm32f103xb.o
DMA1_Channel1_IRQHandler                          build/stm32f1xx_it.o
DMA1_Channel2_IRQHandler                          build/startup_stm32f103xb.o
DMA1_Channel3_IRQHandler                          build/startup_stm32f103xb.o
DMA1_Channel4_IRQHandler                          build/startup_stm32f103xb.o
DMA1_Channel5_IRQHandler                          build/startup_stm32f103xb.o
DMA1_Channel6_IRQHandler                          build/startup_stm32f103xb.o
DMA1_Channel7_IRQHandler                          build/startup_stm32f103xb.o
DebugMon_Handler                                  build/stm32f1xx_it.o
Default_Handler                                   build/startup_stm32f103xb.o
EXTI0_IRQHandler                                  build/startup_stm32f103xb.o
EXTI15_10_IRQHandler                              build/startup_stm32f103xb.o
EXTI1_IRQHandler                                  build/startup_stm32f103xb.o
EXTI2_IRQHandler                                  build/startup_stm32f103xb.o
EXTI3_IRQHandler                                  build/startup_stm32f103xb.o
EXTI4_IRQHandler                                  build/startup_stm32f103xb.o
EXTI9_5_IRQHandler                                build/startup_stm32f103xb.o
Error_Handler                                     build/main.o
                                                  build/usart.o
                                                  build/tim.o
                                                  build/adc.o
FLASH_IRQHandler                                  build/startup_stm32f103xb.o
FLASH_PageErase                                   build/stm32f1xx_hal_flash_ex.o
                                                  build/stm32f1xx_hal_flash.o
FLASH_WaitForLastOperation                        build/stm32f1xx_hal_flash.o
                                                  build/stm32f1xx_hal_flash_ex.o
HAL_ADCEx_Calibration_Start                       build/stm32f1xx_hal_adc_ex.o
HAL_ADCEx_InjectedConfigChannel                   build/stm32f1xx_hal_adc_ex.o
HAL_ADCEx_InjectedConvCpltCallback                build/stm32f1xx_hal_adc_ex.o
                                                  build/stm32f1xx_hal_adc.o
HAL_ADCEx_InjectedGetValue                        build/stm32f1xx_hal_adc_ex.o
HAL_ADCEx_InjectedPollForConversion               build/stm32f1xx_hal_adc_ex.o
HAL_ADCEx_InjectedStart                           build/stm32f1xx_hal_adc_ex.o
HAL_ADCEx_InjectedStart_IT                        build/stm32f1xx_hal_adc_ex.o
HAL_ADCEx_InjectedStop                            build/stm32f1xx_hal_adc_ex.o
HAL_ADCEx_InjectedStop_IT                         build/stm32f1xx_hal_adc_ex.o
HAL_ADCEx_MultiModeConfigChannel                  build/stm32f1xx_hal_adc_ex.o
HAL_ADCEx_MultiModeGetValue                       build/stm32f1xx_hal_adc_ex.o
HAL_ADCEx_MultiModeStart_DMA                      build/stm32f1xx_hal_adc_ex.o
HAL_ADCEx_MultiModeStop_DMA                       build/stm32f1xx_hal_adc_ex.o
HAL_ADC_AnalogWDGConfig                           build/stm32f1xx_hal_adc.o
HAL_ADC_ConfigChannel                             build/stm32f1xx_hal_adc.o
                                                  build/adc.o
HAL_ADC_ConvCpltCallback                          build/stm32f1xx_hal_adc.o
HAL_ADC_ConvHalfCpltCallback                      build/stm32f1xx_hal_adc.o
HAL_ADC_DeInit                                    build/stm32f1xx_hal_adc.o
HAL_ADC_ErrorCallback                             build/stm32f1xx_hal_adc.o
HAL_ADC_GetError                                  build/stm32f1xx_hal_adc.o
HAL_ADC_GetState                                  build/stm32f1xx_hal_adc.o
HAL_ADC_GetValue                                  build/stm32f1xx_hal_adc.o
HAL_ADC_IRQHandler                                build/stm32f1xx_hal_adc.o
HAL_ADC_Init                                      build/stm32f1xx_hal_adc.o
                                                  build/adc.o
HAL_ADC_LevelOutOfWindowCallback                  build/stm32f1xx_hal_adc.o
HAL_ADC_MspDeInit                                 build/adc.o
HAL_ADC_MspInit                                   build/adc.o
HAL_ADC_PollForConversion                         build/stm32f1xx_hal_adc.o
HAL_ADC_PollForEvent                              build/stm32f1xx_hal_adc.o
HAL_ADC_Start                                     build/stm32f1xx_hal_adc.o
HAL_ADC_Start_DMA                                 build/stm32f1xx_hal_adc.o
                                                  build/user_main.o
HAL_ADC_Start_IT                                  build/stm32f1xx_hal_adc.o